Archive member included to satisfy reference by file (symbol)

/usr/lib/gcc/arm-none-eabi/14.2.0/../../../../arm-none-eabi/lib/thumb/v8-m.main+fp/softfp/libm.a(libm_a-wf_sqrt.o)
                              CMakeFiles/impulse-cec.dir/home/michal/Development/pico-sdk/src/rp2_common/pico_float/float_math.c.o (sqrtf)
/usr/lib/gcc/arm-none-eabi/14.2.0/../../../../arm-none-eabi/lib/thumb/v8-m.main+fp/softfp/libm.a(libm_a-ef_sqrt.o)
                              /usr/lib/gcc/arm-none-eabi/14.2.0/../../../../arm-none-eabi/lib/thumb/v8-m.main+fp/softfp/libm.a(libm_a-wf_sqrt.o) (__ieee754_sqrtf)
/usr/lib/gcc/arm-none-eabi/14.2.0/thumb/v8-m.main+fp/softfp/libgcc.a(_arm_addsubdf3.o)
                              CMakeFiles/impulse-cec.dir/home/michal/Development/pico-sdk/src/rp2_common/pico_float/float_math.c.o (__aeabi_f2d)
/usr/lib/gcc/arm-none-eabi/14.2.0/thumb/v8-m.main+fp/softfp/libgcc.a(_aeabi_ldivmod.o)
                              CMakeFiles/impulse-cec.dir/home/michal/Development/pico-sdk/src/common/pico_time/time.c.o (__aeabi_ldivmod)
/usr/lib/gcc/arm-none-eabi/14.2.0/thumb/v8-m.main+fp/softfp/libgcc.a(_aeabi_uldivmod.o)
                              CMakeFiles/impulse-cec.dir/home/michal/Development/pico-sdk/src/rp2_common/hardware_clocks/clocks.c.o (__aeabi_uldivmod)
/usr/lib/gcc/arm-none-eabi/14.2.0/thumb/v8-m.main+fp/softfp/libgcc.a(_udivmoddi4.o)
                              /usr/lib/gcc/arm-none-eabi/14.2.0/thumb/v8-m.main+fp/softfp/libgcc.a(_aeabi_ldivmod.o) (__udivmoddi4)
/usr/lib/gcc/arm-none-eabi/14.2.0/thumb/v8-m.main+fp/softfp/libgcc.a(_dvmd_tls.o)
                              /usr/lib/gcc/arm-none-eabi/14.2.0/thumb/v8-m.main+fp/softfp/libgcc.a(_aeabi_ldivmod.o) (__aeabi_ldiv0)
/usr/lib/gcc/arm-none-eabi/14.2.0/../../../../arm-none-eabi/lib/thumb/v8-m.main+fp/softfp/libg.a(libc_a-atexit.o)
                              /usr/lib/gcc/arm-none-eabi/14.2.0/../../../../arm-none-eabi/lib/thumb/v8-m.main+fp/softfp/crt0.o (atexit)
/usr/lib/gcc/arm-none-eabi/14.2.0/../../../../arm-none-eabi/lib/thumb/v8-m.main+fp/softfp/libg.a(libc_a-calloc.o)
                              CMakeFiles/impulse-cec.dir/home/michal/Development/pico-sdk/src/rp2_common/pico_malloc/malloc.c.o (calloc)
/usr/lib/gcc/arm-none-eabi/14.2.0/../../../../arm-none-eabi/lib/thumb/v8-m.main+fp/softfp/libg.a(libc_a-callocr.o)
                              /usr/lib/gcc/arm-none-eabi/14.2.0/../../../../arm-none-eabi/lib/thumb/v8-m.main+fp/softfp/libg.a(libc_a-calloc.o) (_calloc_r)
/usr/lib/gcc/arm-none-eabi/14.2.0/../../../../arm-none-eabi/lib/thumb/v8-m.main+fp/softfp/libg.a(libc_a-malloc.o)
                              CMakeFiles/impulse-cec.dir/home/michal/Development/pico-sdk/src/rp2_common/pico_malloc/malloc.c.o (malloc)
/usr/lib/gcc/arm-none-eabi/14.2.0/../../../../arm-none-eabi/lib/thumb/v8-m.main+fp/softfp/libg.a(libc_a-mallocr.o)
                              /usr/lib/gcc/arm-none-eabi/14.2.0/../../../../arm-none-eabi/lib/thumb/v8-m.main+fp/softfp/libg.a(libc_a-callocr.o) (_malloc_r)
/usr/lib/gcc/arm-none-eabi/14.2.0/../../../../arm-none-eabi/lib/thumb/v8-m.main+fp/softfp/libg.a(libc_a-mlock.o)
                              /usr/lib/gcc/arm-none-eabi/14.2.0/../../../../arm-none-eabi/lib/thumb/v8-m.main+fp/softfp/libg.a(libc_a-mallocr.o) (__malloc_lock)
/usr/lib/gcc/arm-none-eabi/14.2.0/../../../../arm-none-eabi/lib/thumb/v8-m.main+fp/softfp/libg.a(libc_a-realloc.o)
                              CMakeFiles/impulse-cec.dir/home/michal/Development/pico-sdk/src/rp2_common/pico_malloc/malloc.c.o (realloc)
/usr/lib/gcc/arm-none-eabi/14.2.0/../../../../arm-none-eabi/lib/thumb/v8-m.main+fp/softfp/libg.a(libc_a-reallocr.o)
                              /usr/lib/gcc/arm-none-eabi/14.2.0/../../../../arm-none-eabi/lib/thumb/v8-m.main+fp/softfp/libg.a(libc_a-realloc.o) (_realloc_r)
/usr/lib/gcc/arm-none-eabi/14.2.0/../../../../arm-none-eabi/lib/thumb/v8-m.main+fp/softfp/libg.a(libc_a-memcmp.o)
                              CMakeFiles/impulse-cec.dir/home/michal/Development/pico-sdk/src/rp2_common/pico_atomic/atomic.c.o (memcmp)
/usr/lib/gcc/arm-none-eabi/14.2.0/../../../../arm-none-eabi/lib/thumb/v8-m.main+fp/softfp/libg.a(libc_a-memmove.o)
                              /usr/lib/gcc/arm-none-eabi/14.2.0/../../../../arm-none-eabi/lib/thumb/v8-m.main+fp/softfp/libg.a(libc_a-reallocr.o) (memmove)
/usr/lib/gcc/arm-none-eabi/14.2.0/../../../../arm-none-eabi/lib/thumb/v8-m.main+fp/softfp/libg.a(libc_a-memset.o)
                              /usr/lib/gcc/arm-none-eabi/14.2.0/../../../../arm-none-eabi/lib/thumb/v8-m.main+fp/softfp/crt0.o (memset)
/usr/lib/gcc/arm-none-eabi/14.2.0/../../../../arm-none-eabi/lib/thumb/v8-m.main+fp/softfp/libg.a(libc_a-strlcpy.o)
                              CMakeFiles/impulse-cec.dir/flash_kv.c.o (strlcpy)
/usr/lib/gcc/arm-none-eabi/14.2.0/../../../../arm-none-eabi/lib/thumb/v8-m.main+fp/softfp/libg.a(libc_a-lcltime_r.o)
[...]
Memory Configuration

Name             Origin             Length             Attributes
FLASH            0x10000000         0x00400000         xr
RAM              0x20000000         0x00080000         xrw
SCRATCH_X        0x20080000         0x00001000         xrw
SCRATCH_Y        0x20081000         0x00001000         xrw
*default*        0x00000000         0xffffffff

Linker script and memory map

LOAD /usr/lib/gcc/arm-none-eabi/14.2.0/thumb/v8-m.main+fp/softfp/crti.o
LOAD /usr/lib/gcc/arm-none-eabi/14.2.0/thumb/v8-m.main+fp/softfp/crtbegin.o
LOAD /usr/lib/gcc/arm-none-eabi/14.2.0/../../../../arm-none-eabi/lib/thumb/v8-m.main+fp/softfp/crt0.o

.flash_begin    0x10000000        0x0
                0x10000000                        __flash_binary_start = .

.text           0x10000000     0x5204
                0x10000000                        __logical_binary_start = .
 *(.vectors)
 .vectors       0x10000000      0x124 CMakeFiles/impulse-cec.dir/home/michal/Development/pico-sdk/src/rp2_common/pico_crt0/crt0.S.o
                0x10000000                __vectors
                0x10000000                __VECTOR_TABLE
                0x10000110                isr_securefault
                0x10000110                isr_irq30
                0x10000110                __unhandled_user_irq
                0x10000110                isr_irq49
                0x10000110                isr_irq13
                0x10000110                isr_irq43
                0x10000110                isr_irq45
                0x10000110                isr_irq27
                0x10000110                isr_irq32
                0x10000110                isr_irq31
                0x10000110                isr_irq5
                0x10000110                isr_irq11
                0x10000110                isr_irq23
                0x10000110                isr_usagefault
                0x10000110                isr_irq48
                0x10000110                isr_irq35
                0x10000110                isr_irq18
                0x10000110                isr_irq50
                0x10000110                isr_irq40
                0x10000110                isr_irq28
                0x10000110                isr_irq19
                0x10000110                isr_irq36
                0x10000110                isr_irq41
                0x10000110                isr_irq0
                0x10000110                isr_irq6
                0x10000110                isr_memmanage
                0x10000110                isr_irq37
                0x10000110                isr_irq42
                0x10000110                isr_irq22
                0x10000110                isr_irq17
                0x10000110                isr_irq38
                0x10000110                isr_irq14
                0x10000110                __vectors_end
                0x10000110                __default_isrs_start
                0x10000110                isr_irq2
                0x10000110                isr_irq10
                0x10000110                isr_irq8
                0x10000110                isr_debugmonitor
                0x10000110                isr_irq24
                0x10000110                isr_irq46
                0x10000110                isr_irq1
                0x10000110                isr_irq47
                0x10000110                isr_irq51
                0x10000110                isr_irq7
                0x10000110                isr_irq21
                0x10000110                isr_irq39
                0x10000110                isr_irq20
                0x10000110                isr_irq15
                0x10000110                isr_irq25
                0x10000110                isr_irq34
                0x10000110                isr_irq4
                0x10000110                isr_busfault
                0x10000110                isr_irq16
                0x10000110                isr_irq44
                0x10000110                isr_irq29
                0x10000110                isr_irq26
                0x10000110                isr_irq33
                0x10000110                isr_irq3
                0x10000110                isr_irq12
                0x10000110                isr_irq9
                0x10000116                unhandled_user_irq_num_in_r0
                0x10000118                isr_invalid
                0x1000011a                isr_nmi
                0x1000011c                isr_hardfault
                0x1000011e                isr_svcall
                0x10000120                isr_pendsv
                0x10000122                isr_systick
                0x10000124                __default_isrs_end
 *(.binary_info_header)
 .binary_info_header
                0x10000124       0x14 CMakeFiles/impulse-cec.dir/home/michal/Development/pico-sdk/src/rp2_common/pico_crt0/crt0.S.o
                0x10000138                        __binary_info_header_end = .
 *(.embedded_block)
 .embedded_block
                0x10000138       0x14 CMakeFiles/impulse-cec.dir/home/michal/Development/pico-sdk/src/rp2_common/pico_crt0/crt0.S.o
                0x1000014c                        __embedded_block_end = .
 *(.reset)
 .reset         0x1000014c       0x98 CMakeFiles/impulse-cec.dir/home/michal/Development/pico-sdk/src/rp2_common/pico_crt0/crt0.S.o
                0x1000014c                _entry_point
 *(.init)
 .init          0x100001e4        0x4 /usr/lib/gcc/arm-none-eabi/14.2.0/thumb/v8-m.main+fp/softfp/crti.o
                0x100001e4                _init
 *libgcc.a:cmse_nonsecure_call.o()
 *(EXCLUDE_FILE(*libm.a: *libc.a:*lib_a-mem*.o *libgcc.a:) .text*)
 .text.frame_dummy
                0x100001e8       0x1c /usr/lib/gcc/arm-none-eabi/14.2.0/thumb/v8-m.main+fp/softfp/crtbegin.o
 .text.on_cec_frame
                0x10000204        0x4 CMakeFiles/impulse-cec.dir/main.c.o
 .text.startup.main
                0x10000208       0x5c CMakeFiles/impulse-cec.dir/main.c.o
                0x10000208                main
 .text.ack_release_alarm_cb
                0x10000264       0x14 CMakeFiles/impulse-cec.dir/cec_bus.c.o
 .text.cec_gpio_irq
                0x10000278       0x6c CMakeFiles/impulse-cec.dir/cec_bus.c.o
 .text.tx_phase_alarm_cb
                0x100002e4      0x30c CMakeFiles/impulse-cec.dir/cec_bus.c.o
 .text.cec_rx_process
                0x100005f0      0x220 CMakeFiles/impulse-cec.dir/cec_bus.c.o
                0x100005f0                cec_rx_process
 .text.cec_bus_tick
                0x10000810      0x120 CMakeFiles/impulse-cec.dir/cec_bus.c.o
                0x10000810                cec_bus_tick
 .text.cec_bus_init
                0x10000930       0x84 CMakeFiles/impulse-cec.dir/cec_bus.c.o
                0x10000930                cec_bus_init
 .text.cec_bus_transmit
                0x100009b4       0x6c CMakeFiles/impulse-cec.dir/cec_bus.c.o
                0x100009b4                cec_bus_transmit
 .text.cec_bus_set_ack_mask
                0x10000a20        0xc CMakeFiles/impulse-cec.dir/cec_bus.c.o
                0x10000a20                cec_bus_set_ack_mask
 .text.flash_kv_init
                0x10000a2c       0x7c CMakeFiles/impulse-cec.dir/flash_kv.c.o
                0x10000a2c                flash_kv_init
 .text.flash_kv_get_u8
                0x10000aa8       0x70 CMakeFiles/impulse-cec.dir/flash_kv.c.o
                0x10000aa8                flash_kv_get_u8
 .text.flash_kv_get_u16
                0x10000b18       0x34 CMakeFiles/impulse-cec.dir/flash_kv.c.o
                0x10000b18                flash_kv_get_u16
 .text.flash_kv_get_str
                0x10000b4c       0x28 CMakeFiles/impulse-cec.dir/flash_kv.c.o
                0x10000b4c                flash_kv_get_str
 .text.flash_kv_set_u8
                0x10000b74       0x78 CMakeFiles/impulse-cec.dir/flash_kv.c.o
                0x10000b74                flash_kv_set_u8
 .text.flash_kv_set_u16
                0x10000bec       0x3c CMakeFiles/impulse-cec.dir/flash_kv.c.o
                0x10000bec                flash_kv_set_u16
 .text.flash_kv_set_str
                0x10000c28       0x2c CMakeFiles/impulse-cec.dir/flash_kv.c.o
                0x10000c28                flash_kv_set_str
 .text.flash_kv_commit
                0x10000c54       0x4c CMakeFiles/impulse-cec.dir/flash_kv.c.o
                0x10000c54                flash_kv_commit
 .text.tud_descriptor_device_cb
                0x10000ca0        0x8 CMakeFiles/impulse-cec.dir/usb_descriptors.c.o
                0x10000ca0                tud_descriptor_device_cb
 .text.tud_descriptor_configuration_cb
                0x10000ca8        0x8 CMakeFiles/impulse-cec.dir/usb_descriptors.c.o
                0x10000ca8                tud_descriptor_configuration_cb
 .text.tud_descriptor_string_cb
                0x10000cb0       0x60 CMakeFiles/impulse-cec.dir/usb_descriptors.c.o
                0x10000cb0                tud_descriptor_string_cb
 .text.cec_tx_done
                0x10000d10       0x48 CMakeFiles/impulse-cec.dir/home/michal/Development/esp32-p8/shared/p8_protocol.c.o
 .text.send_accepted_echo
                0x10000d58       0x50 CMakeFiles/impulse-cec.dir/home/michal/Development/esp32-p8/shared/p8_protocol.c.o
 .text.p8_send_cec_frame
                0x10000da8      0x104 CMakeFiles/impulse-cec.dir/home/michal/Development/esp32-p8/shared/p8_protocol.c.o
                0x10000da8                p8_send_cec_frame
 .text.p8_rx_byte
                0x10000eac      0x5f0 CMakeFiles/impulse-cec.dir/home/michal/Development/esp32-p8/shared/p8_protocol.c.o
                0x10000eac                p8_rx_byte
 .text.p8_protocol_init
                0x1000149c       0xd8 CMakeFiles/impulse-cec.dir/home/michal/Development/esp32-p8/shared/p8_protocol.c.o
                0x1000149c                p8_protocol_init
 .text.gpio_default_irq_handler
                0x10001574      0x1d4 CMakeFiles/impulse-cec.dir/home/michal/Development/pico-sdk/src/rp2_common/hardware_gpio/gpio.c.o
 .text.gpio_set_pulls
                0x10001748       0x28 CMakeFiles/impulse-cec.dir/home/michal/Development/pico-sdk/src/rp2_common/hardware_gpio/gpio.c.o
                0x10001748                gpio_set_pulls
 .text.gpio_set_irq_enabled_with_callback
                0x10001770       0xa8 CMakeFiles/impulse-cec.dir/home/michal/Development/pico-sdk/src/rp2_common/hardware_gpio/gpio.c.o
                0x10001770                gpio_set_irq_enabled_with_callback
 .text.gpio_init
                0x10001818       0x48 CMakeFiles/impulse-cec.dir/home/michal/Development/pico-sdk/src/rp2_common/hardware_gpio/gpio.c.o
                0x10001818                gpio_init
 .text.panic    0x10001860       0x30 CMakeFiles/impulse-cec.dir/home/michal/Development/pico-sdk/src/rp2_common/pico_platform_panic/panic.c.o
                0x10001860                panic
 .text.hw_claim_or_assert
                0x10001890       0x58 CMakeFiles/impulse-cec.dir/home/michal/Development/pico-sdk/src/common/hardware_claim/claim.c.o
                0x10001890                hw_claim_or_assert
 .text.hw_claim_unused_from_range
                0x100018e8       0x80 CMakeFiles/impulse-cec.dir/home/michal/Development/pico-sdk/src/common/hardware_claim/claim.c.o
                0x100018e8                hw_claim_unused_from_range
 .text.next_striped_spin_lock_num
                0x10001968       0x18 CMakeFiles/impulse-cec.dir/home/michal/Development/pico-sdk/src/rp2_common/hardware_sync/sync.c.o
                0x10001968                next_striped_spin_lock_num
 .text.spin_lock_claim_unused
                0x10001980       0x20 CMakeFiles/impulse-cec.dir/home/michal/Development/pico-sdk/src/rp2_common/hardware_sync/sync.c.o
                0x10001980                spin_lock_claim_unused
 .text.spinlock_set_extexclall
                0x100019a0       0x10 CMakeFiles/impulse-cec.dir/home/michal/Development/pico-sdk/src/rp2_common/hardware_sync_spin_lock/sync_spin_lock.c.o
 .text.spin_locks_reset
                0x100019b0       0x18 CMakeFiles/impulse-cec.dir/home/michal/Development/pico-sdk/src/rp2_common/hardware_sync_spin_lock/sync_spin_lock.c.o
                0x100019b0                spin_locks_reset
 .text.runtime_init_per_core_irq_priorities
                0x100019c8       0x40 CMakeFiles/impulse-cec.dir/home/michal/Development/pico-sdk/src/rp2_common/hardware_irq/irq.c.o
                0x100019c8                runtime_init_per_core_irq_priorities
 .text.irq_set_enabled
                0x10001a08       0x2c CMakeFiles/impulse-cec.dir/home/michal/Development/pico-sdk/src/rp2_common/hardware_irq/irq.c.o
                0x10001a08                irq_set_enabled
 .text.irq_get_vtable_handler
                0x10001a34       0x10 CMakeFiles/impulse-cec.dir/home/michal/Development/pico-sdk/src/rp2_common/hardware_irq/irq.c.o
                0x10001a34                irq_get_vtable_handler
 .text.irq_set_exclusive_handler
                0x10001a44       0x60 CMakeFiles/impulse-cec.dir/home/michal/Development/pico-sdk/src/rp2_common/hardware_irq/irq.c.o
                0x10001a44                irq_set_exclusive_handler
 .text.irq_add_shared_handler
                0x10001aa4      0x1e8 CMakeFiles/impulse-cec.dir/home/michal/Development/pico-sdk/src/rp2_common/hardware_irq/irq.c.o
                0x10001aa4                irq_add_shared_handler
 .text.irq_remove_handler
                0x10001c8c      0x1f4 CMakeFiles/impulse-cec.dir/home/michal/Development/pico-sdk/src/rp2_common/hardware_irq/irq.c.o
                0x10001c8c                irq_remove_handler
 .text.irq_add_tail_to_free_list
                0x10001e80       0xbc CMakeFiles/impulse-cec.dir/home/michal/Development/pico-sdk/src/rp2_common/hardware_irq/irq.c.o
                0x10001e80                irq_add_tail_to_free_list
 .text.lock_init
                0x10001f3c        0xc CMakeFiles/impulse-cec.dir/home/michal/Development/pico-sdk/src/common/pico_sync/lock_core.c.o
                0x10001f3c                lock_init
 .text.runtime_init_mutex
                0x10001f48       0x4c CMakeFiles/impulse-cec.dir/home/michal/Development/pico-sdk/src/common/pico_sync/mutex.c.o
                0x10001f48                runtime_init_mutex
 .text.mutex_init
                0x10001f94       0x1c CMakeFiles/impulse-cec.dir/home/michal/Development/pico-sdk/src/common/pico_sync/mutex.c.o
                0x10001f94                mutex_init
 .text.critical_section_init
                0x10001fb0       0x1c CMakeFiles/impulse-cec.dir/home/michal/Development/pico-sdk/src/common/pico_sync/critical_section.c.o
                0x10001fb0                critical_section_init
 .text.sleep_until_callback
                0x10001fcc       0x3c CMakeFiles/impulse-cec.dir/home/michal/Development/pico-sdk/src/common/pico_time/time.c.o
 .text.alarm_pool_irq_handler
                0x10002008      0x2f0 CMakeFiles/impulse-cec.dir/home/michal/Development/pico-sdk/src/common/pico_time/time.c.o
 .text.runtime_init_default_alarm_pool
                0x100022f8      0x100 CMakeFiles/impulse-cec.dir/home/michal/Development/pico-sdk/src/common/pico_time/time.c.o
                0x100022f8                runtime_init_default_alarm_pool
 .text.alarm_pool_add_alarm_at_force_in_context
                0x100023f8       0xc8 CMakeFiles/impulse-cec.dir/home/michal/Development/pico-sdk/src/common/pico_time/time.c.o
                0x100023f8                alarm_pool_add_alarm_at_force_in_context
 .text.alarm_pool_cancel_alarm
                0x100024c0       0x80 CMakeFiles/impulse-cec.dir/home/michal/Development/pico-sdk/src/common/pico_time/time.c.o
                0x100024c0                alarm_pool_cancel_alarm
 .text.sleep_ms
                0x10002540       0xdc CMakeFiles/impulse-cec.dir/home/michal/Development/pico-sdk/src/common/pico_time/time.c.o
                0x10002540                sleep_ms
 .text.best_effort_wfe_or_timeout
                0x1000261c       0xd4 CMakeFiles/impulse-cec.dir/home/michal/Development/pico-sdk/src/common/pico_time/time.c.o
                0x1000261c                best_effort_wfe_or_timeout
 .text.hardware_alarm_irq_handler
                0x100026f0       0xc4 CMakeFiles/impulse-cec.dir/home/michal/Development/pico-sdk/src/rp2_common/hardware_timer/timer.c.o
 .text.timer_hardware_alarm_claim
                0x100027b4       0x24 CMakeFiles/impulse-cec.dir/home/michal/Development/pico-sdk/src/rp2_common/hardware_timer/timer.c.o
                0x100027b4                timer_hardware_alarm_claim
 .text.hardware_alarm_claim
                0x100027d8       0x14 CMakeFiles/impulse-cec.dir/home/michal/Development/pico-sdk/src/rp2_common/hardware_timer/timer.c.o
                0x100027d8                hardware_alarm_claim
 .text.timer_time_us_64
                0x100027ec       0x10 CMakeFiles/impulse-cec.dir/home/michal/Development/pico-sdk/src/rp2_common/hardware_timer/timer.c.o
                0x100027ec                timer_time_us_64
 .text.time_us_64
                0x100027fc       0x14 CMakeFiles/impulse-cec.dir/home/michal/Development/pico-sdk/src/rp2_common/hardware_timer/timer.c.o
                0x100027fc                time_us_64
 .text.busy_wait_until
                0x10002810       0x24 CMakeFiles/impulse-cec.dir/home/michal/Development/pico-sdk/src/rp2_common/hardware_timer/timer.c.o
                0x10002810                busy_wait_until
 .text.hardware_alarm_set_callback
                0x10002834       0x98 CMakeFiles/impulse-cec.dir/home/michal/Development/pico-sdk/src/rp2_common/hardware_timer/timer.c.o
                0x10002834                hardware_alarm_set_callback
 .text.hardware_alarm_set_target
                0x100028cc       0xc8 CMakeFiles/impulse-cec.dir/home/michal/Development/pico-sdk/src/rp2_common/hardware_timer/timer.c.o
                0x100028cc                hardware_alarm_set_target
 .text.clock_configure_undivided
                0x10002994       0xd0 CMakeFiles/impulse-cec.dir/home/michal/Development/pico-sdk/src/rp2_common/hardware_clocks/clocks.c.o
                0x10002994                clock_configure_undivided
 .text.clock_get_hz
                0x10002a64        0xc CMakeFiles/impulse-cec.dir/home/michal/Development/pico-sdk/src/rp2_common/hardware_clocks/clocks.c.o
                0x10002a64                clock_get_hz
 .text.pll_init
                0x10002a70       0x8c CMakeFiles/impulse-cec.dir/home/michal/Development/pico-sdk/src/rp2_common/hardware_pll/pll.c.o
                0x10002a70                pll_init
 .text.watchdog_enable
                0x10002afc       0x7c CMakeFiles/impulse-cec.dir/home/michal/Development/pico-sdk/src/rp2_common/hardware_watchdog/watchdog.c.o
                0x10002afc                watchdog_enable
 .text.tick_start
                0x10002b78       0x18 CMakeFiles/impulse-cec.dir/home/michal/Development/pico-sdk/src/rp2_common/hardware_ticks/ticks.c.o
                0x10002b78                tick_start
 .text.rom_func_lookup
                0x10002b90       0x18 CMakeFiles/impulse-cec.dir/home/michal/Development/pico-sdk/src/rp2_common/pico_bootrom/bootrom.c.o
                0x10002b90                rom_func_lookup
 .text.runtime_init_bootrom_locking_enable
                0x10002ba8       0x14 CMakeFiles/impulse-cec.dir/home/michal/Development/pico-sdk/src/rp2_common/pico_bootrom/bootrom_lock.c.o
                0x10002ba8                runtime_init_bootrom_locking_enable
 .text.runtime_init_boot_locks_reset
                0x10002bbc       0x1c CMakeFiles/impulse-cec.dir/home/michal/Development/pico-sdk/src/rp2_common/hardware_boot_lock/boot_lock.c.o
                0x10002bbc                runtime_init_boot_locks_reset
 .text.xosc_init
                0x10002bd8       0x30 CMakeFiles/impulse-cec.dir/home/michal/Development/pico-sdk/src/rp2_common/hardware_xosc/xosc.c.o
                0x10002bd8                xosc_init
 .text.first_per_core_initializer
                0x10002c08        0x4 CMakeFiles/impulse-cec.dir/home/michal/Development/pico-sdk/src/rp2_common/pico_runtime/runtime.c.o
 .text.hard_assertion_failure
                0x10002c0c        0xc CMakeFiles/impulse-cec.dir/home/michal/Development/pico-sdk/src/rp2_common/pico_runtime/runtime.c.o
                0x10002c0c                hard_assertion_failure
 .text.runtime_run_initializers
                0x10002c18       0x20 CMakeFiles/impulse-cec.dir/home/michal/Development/pico-sdk/src/rp2_common/pico_runtime/runtime.c.o
                0x10002c18                runtime_run_initializers
 .text.runtime_init_early_resets
                0x10002c38       0x34 CMakeFiles/impulse-cec.dir/home/michal/Development/pico-sdk/src/rp2_common/pico_runtime_init/runtime_init.c.o
                0x10002c38                runtime_init_early_resets
 .text.runtime_init_usb_power_down
                0x10002c6c       0x1c CMakeFiles/impulse-cec.dir/home/michal/Development/pico-sdk/src/rp2_common/pico_runtime_init/runtime_init.c.o
                0x10002c6c                runtime_init_usb_power_down
 .text.runtime_init_per_core_enable_coprocessors
                0x10002c88       0x1c CMakeFiles/impulse-cec.dir/home/michal/Development/pico-sdk/src/rp2_common/pico_runtime_init/runtime_init.c.o
                0x10002c88                runtime_init_per_core_enable_coprocessors
 .text.runtime_init_post_clock_resets
                0x10002ca4       0x20 CMakeFiles/impulse-cec.dir/home/michal/Development/pico-sdk/src/rp2_common/pico_runtime_init/runtime_init.c.o
                0x10002ca4                runtime_init_post_clock_resets
 .text.runtime_init_bootrom_reset
                0x10002cc4       0x14 CMakeFiles/impulse-cec.dir/home/michal/Development/pico-sdk/src/rp2_common/pico_runtime_init/runtime_init.c.o
                0x10002cc4                runtime_init_bootrom_reset
 .text.runtime_init_per_core_bootrom_reset
                0x10002cd8       0x14 CMakeFiles/impulse-cec.dir/home/michal/Development/pico-sdk/src/rp2_common/pico_runtime_init/runtime_init.c.o
                0x10002cd8                runtime_init_per_core_bootrom_reset
 .text.runtime_init_spin_locks_reset
                0x10002cec        0x4 CMakeFiles/impulse-cec.dir/home/michal/Development/pico-sdk/src/rp2_common/pico_runtime_init/runtime_init.c.o
                0x10002cec                runtime_init_spin_locks_reset
 .text.runtime_init_install_ram_vector_table
                0x10002cf0       0x68 CMakeFiles/impulse-cec.dir/home/michal/Development/pico-sdk/src/rp2_common/pico_runtime_init/runtime_init.c.o
                0x10002cf0                runtime_init_install_ram_vector_table
 .text.runtime_init_clocks
                0x10002d58       0xdc CMakeFiles/impulse-cec.dir/home/michal/Development/pico-sdk/src/rp2_common/pico_runtime_init/runtime_init_clocks.c.o
                0x10002d58                runtime_init_clocks
 .text._out_char
                0x10002e34        0x8 CMakeFiles/impulse-cec.dir/home/michal/Development/pico-sdk/src/rp2_common/pico_printf/printf.c.o
 .text.weak_raw_vprintf
                0x10002e3c       0x30 CMakeFiles/impulse-cec.dir/home/michal/Development/pico-sdk/src/rp2_common/pico_printf/printf.c.o
                0x10002e3c                weak_raw_vprintf
 .text._exit    0x10002e6c        0x4 CMakeFiles/impulse-cec.dir/home/michal/Development/pico-sdk/src/rp2_common/pico_clib_interface/newlib_interface.c.o
                0x10002e6c                _exit
 .text.exit     0x10002e70        0x8 CMakeFiles/impulse-cec.dir/home/michal/Development/pico-sdk/src/rp2_common/pico_clib_interface/newlib_interface.c.o
                0x10002e70                exit
 .text.runtime_init
                0x10002e78       0x24 CMakeFiles/impulse-cec.dir/home/michal/Development/pico-sdk/src/rp2_common/pico_clib_interface/newlib_interface.c.o
                0x10002e78                runtime_init
 .text.stdio_out_chars_no_crlf
                0x10002e9c        0x8 CMakeFiles/impulse-cec.dir/home/michal/Development/pico-sdk/src/rp2_common/pico_stdio/stdio.c.o
 .text.stdio_out_chars_crlf
                0x10002ea4       0xb0 CMakeFiles/impulse-cec.dir/home/michal/Development/pico-sdk/src/rp2_common/pico_stdio/stdio.c.o
 .text.stdio_put_string
                0x10002f54       0xec CMakeFiles/impulse-cec.dir/home/michal/Development/pico-sdk/src/rp2_common/pico_stdio/stdio.c.o
                0x10002f54                stdio_put_string
 .text.__wrap_putchar
                0x10003040       0x84 CMakeFiles/impulse-cec.dir/home/michal/Development/pico-sdk/src/rp2_common/pico_stdio/stdio.c.o
                0x10003040                stdio_putchar
                0x10003040                __wrap_putchar
 .text.__wrap_puts
                0x100030c4       0x3c CMakeFiles/impulse-cec.dir/home/michal/Development/pico-sdk/src/rp2_common/pico_stdio/stdio.c.o
                0x100030c4                __wrap_puts
                0x100030c4                stdio_puts
 .text.dcd_init
                0x10003100       0x8c CMakeFiles/impulse-cec.dir/home/michal/Development/pico-sdk/lib/tinyusb/src/portable/raspberrypi/rp2040/dcd_rp2040.c.o
                0x10003100                dcd_init
 .text.dcd_int_enable
                0x1000318c        0x8 CMakeFiles/impulse-cec.dir/home/michal/Development/pico-sdk/lib/tinyusb/src/portable/raspberrypi/rp2040/dcd_rp2040.c.o
                0x1000318c                dcd_int_enable
 .text.dcd_set_address
                0x10003194       0x10 CMakeFiles/impulse-cec.dir/home/michal/Development/pico-sdk/lib/tinyusb/src/portable/raspberrypi/rp2040/dcd_rp2040.c.o
                0x10003194                dcd_set_address
 .text.dcd_sof_enable
                0x100031a4       0x1c CMakeFiles/impulse-cec.dir/home/michal/Development/pico-sdk/lib/tinyusb/src/portable/raspberrypi/rp2040/dcd_rp2040.c.o
                0x100031a4                dcd_sof_enable
 .text.dcd_edpt0_status_complete
                0x100031c0       0x1c CMakeFiles/impulse-cec.dir/home/michal/Development/pico-sdk/lib/tinyusb/src/portable/raspberrypi/rp2040/dcd_rp2040.c.o
                0x100031c0                dcd_edpt0_status_complete
 .text.dcd_edpt_open
                0x100031dc      0x104 CMakeFiles/impulse-cec.dir/home/michal/Development/pico-sdk/lib/tinyusb/src/portable/raspberrypi/rp2040/dcd_rp2040.c.o
                0x100031dc                dcd_edpt_open
 .text.dcd_edpt_close_all
                0x100032e0        0x4 CMakeFiles/impulse-cec.dir/home/michal/Development/pico-sdk/lib/tinyusb/src/portable/raspberrypi/rp2040/dcd_rp2040.c.o
                0x100032e0                dcd_edpt_close_all
 .text.dcd_edpt_xfer
                0x100032e4       0x28 CMakeFiles/impulse-cec.dir/home/michal/Development/pico-sdk/lib/tinyusb/src/portable/raspberrypi/rp2040/dcd_rp2040.c.o
                0x100032e4                dcd_edpt_xfer
 .text.dcd_edpt_stall
                0x1000330c       0x30 CMakeFiles/impulse-cec.dir/home/michal/Development/pico-sdk/lib/tinyusb/src/portable/raspberrypi/rp2040/dcd_rp2040.c.o
                0x1000330c                dcd_edpt_stall
 .text.dcd_edpt_clear_stall
                0x1000333c       0x24 CMakeFiles/impulse-cec.dir/home/michal/Development/pico-sdk/lib/tinyusb/src/portable/raspberrypi/rp2040/dcd_rp2040.c.o
                0x1000333c                dcd_edpt_clear_stall
 .text.rp2040_usb_init
                0x10003360       0x40 CMakeFiles/impulse-cec.dir/home/michal/Development/pico-sdk/lib/tinyusb/src/portable/raspberrypi/rp2040/rp2040_usb.c.o
                0x10003360                rp2040_usb_init
 .text.hw_endpoint_xfer_start
                0x100033a0       0x40 CMakeFiles/impulse-cec.dir/home/michal/Development/pico-sdk/lib/tinyusb/src/portable/raspberrypi/rp2040/rp2040_usb.c.o
                0x100033a0                hw_endpoint_xfer_start
 .text.tud_vendor_control_xfer_cb
                0x100033e0        0x4 CMakeFiles/impulse-cec.dir/home/michal/Development/pico-sdk/lib/tinyusb/src/device/usbd.c.o
                0x100033e0                tud_vendor_control_xfer_cb
 .text.configuration_reset
                0x100033e4       0x8c CMakeFiles/impulse-cec.dir/home/michal/Development/pico-sdk/lib/tinyusb/src/device/usbd.c.o
 .text.tud_event_hook_cb
                0x10003470        0x4 CMakeFiles/impulse-cec.dir/home/michal/Development/pico-sdk/lib/tinyusb/src/device/usbd.c.o
                0x10003470                tud_event_hook_cb
 .text.tud_sof_cb
                0x10003474        0x4 CMakeFiles/impulse-cec.dir/home/michal/Development/pico-sdk/lib/tinyusb/src/device/usbd.c.o
                0x10003474                tud_sof_cb
 .text.tud_descriptor_bos_cb
                0x10003478        0x4 CMakeFiles/impulse-cec.dir/home/michal/Development/pico-sdk/lib/tinyusb/src/device/usbd.c.o
                0x10003478                tud_descriptor_bos_cb
 .text.tud_descriptor_device_qualifier_cb
                0x1000347c        0x4 CMakeFiles/impulse-cec.dir/home/michal/Development/pico-sdk/lib/tinyusb/src/device/usbd.c.o
                0x1000347c                tud_descriptor_device_qualifier_cb
 .text.tud_descriptor_other_speed_configuration_cb
                0x10003480        0x4 CMakeFiles/impulse-cec.dir/home/michal/Development/pico-sdk/lib/tinyusb/src/device/usbd.c.o
                0x10003480                tud_descriptor_other_speed_configuration_cb
 .text.tud_mount_cb
                0x10003484        0x4 CMakeFiles/impulse-cec.dir/home/michal/Development/pico-sdk/lib/tinyusb/src/device/usbd.c.o
                0x10003484                tud_mount_cb
 .text.tud_umount_cb
                0x10003488        0x4 CMakeFiles/impulse-cec.dir/home/michal/Development/pico-sdk/lib/tinyusb/src/device/usbd.c.o
                0x10003488                tud_umount_cb
 .text.tud_suspend_cb
                0x1000348c        0x4 CMakeFiles/impulse-cec.dir/home/michal/Development/pico-sdk/lib/tinyusb/src/device/usbd.c.o
                0x1000348c                tud_suspend_cb
 .text.tud_resume_cb
                0x10003490        0x4 CMakeFiles/impulse-cec.dir/home/michal/Development/pico-sdk/lib/tinyusb/src/device/usbd.c.o
                0x10003490                tud_resume_cb
 .text.tud_mounted
                0x10003494       0x10 CMakeFiles/impulse-cec.dir/home/michal/Development/pico-sdk/lib/tinyusb/src/device/usbd.c.o
                0x10003494                tud_mounted
 .text.tud_suspended
                0x100034a4       0x10 CMakeFiles/impulse-cec.dir/home/michal/Development/pico-sdk/lib/tinyusb/src/device/usbd.c.o
                0x100034a4                tud_suspended
 .text.tud_rhport_init
                0x100034b4       0xf4 CMakeFiles/impulse-cec.dir/home/michal/Development/pico-sdk/lib/tinyusb/src/device/usbd.c.o
                0x100034b4                tud_rhport_init
 .text.tud_task_ext
                0x100035a8      0x760 CMakeFiles/impulse-cec.dir/home/michal/Development/pico-sdk/lib/tinyusb/src/device/usbd.c.o
                0x100035a8                tud_task_ext
 .text.usbd_open_edpt_pair
                0x10003d08       0x9c CMakeFiles/impulse-cec.dir/home/michal/Development/pico-sdk/lib/tinyusb/src/device/usbd.c.o
                0x10003d08                usbd_open_edpt_pair
 .text.usbd_edpt_open
                0x10003da4       0x44 CMakeFiles/impulse-cec.dir/home/michal/Development/pico-sdk/lib/tinyusb/src/device/usbd.c.o
                0x10003da4                usbd_edpt_open
 .text.usbd_edpt_claim
                0x10003de8       0x24 CMakeFiles/impulse-cec.dir/home/michal/Development/pico-sdk/lib/tinyusb/src/device/usbd.c.o
                0x10003de8                usbd_edpt_claim
 .text.usbd_edpt_release
                0x10003e0c       0x24 CMakeFiles/impulse-cec.dir/home/michal/Development/pico-sdk/lib/tinyusb/src/device/usbd.c.o
                0x10003e0c                usbd_edpt_release
 .text.usbd_edpt_xfer
                0x10003e30       0x70 CMakeFiles/impulse-cec.dir/home/michal/Development/pico-sdk/lib/tinyusb/src/device/usbd.c.o
                0x10003e30                usbd_edpt_xfer
 .text.tud_control_status
                0x10003ea0       0x34 CMakeFiles/impulse-cec.dir/home/michal/Development/pico-sdk/lib/tinyusb/src/device/usbd_control.c.o
                0x10003ea0                tud_control_status
 .text.tud_control_xfer
                0x10003ed4       0xb0 CMakeFiles/impulse-cec.dir/home/michal/Development/pico-sdk/lib/tinyusb/src/device/usbd_control.c.o
                0x10003ed4                tud_control_xfer
 .text.usbd_control_reset
                0x10003f84       0x14 CMakeFiles/impulse-cec.dir/home/michal/Development/pico-sdk/lib/tinyusb/src/device/usbd_control.c.o
                0x10003f84                usbd_control_reset
 .text.usbd_control_set_complete_callback
                0x10003f98        0xc CMakeFiles/impulse-cec.dir/home/michal/Development/pico-sdk/lib/tinyusb/src/device/usbd_control.c.o
                0x10003f98                usbd_control_set_complete_callback
 .text.usbd_control_set_request
                0x10003fa4       0x1c CMakeFiles/impulse-cec.dir/home/michal/Development/pico-sdk/lib/tinyusb/src/device/usbd_control.c.o
                0x10003fa4                usbd_control_set_request
 .text.usbd_control_xfer_cb
                0x10003fc0      0x100 CMakeFiles/impulse-cec.dir/home/michal/Development/pico-sdk/lib/tinyusb/src/device/usbd_control.c.o
                0x10003fc0                usbd_control_xfer_cb
 .text._prep_out_transaction.isra.0
                0x100040c0       0x78 CMakeFiles/impulse-cec.dir/home/michal/Development/pico-sdk/lib/tinyusb/src/class/cdc/cdc_device.c.o
 .text.tud_cdc_n_connected
                0x10004138       0x2c CMakeFiles/impulse-cec.dir/home/michal/Development/pico-sdk/lib/tinyusb/src/class/cdc/cdc_device.c.o
                0x10004138                tud_cdc_n_connected
 .text.tud_cdc_n_read
                0x10004164       0x94 CMakeFiles/impulse-cec.dir/home/michal/Development/pico-sdk/lib/tinyusb/src/class/cdc/cdc_device.c.o
                0x10004164                tud_cdc_n_read
 .text.tud_cdc_n_write_flush
                0x100041f8       0x90 CMakeFiles/impulse-cec.dir/home/michal/Development/pico-sdk/lib/tinyusb/src/class/cdc/cdc_device.c.o
                0x100041f8                tud_cdc_n_write_flush
 .text.tud_cdc_n_write
                0x10004288       0x40 CMakeFiles/impulse-cec.dir/home/michal/Development/pico-sdk/lib/tinyusb/src/class/cdc/cdc_device.c.o
                0x10004288                tud_cdc_n_write
 .text.cdcd_init
                0x100042c8       0x78 CMakeFiles/impulse-cec.dir/home/michal/Development/pico-sdk/lib/tinyusb/src/class/cdc/cdc_device.c.o
                0x100042c8                cdcd_init
 .text.cdcd_deinit
                0x10004340       0x30 CMakeFiles/impulse-cec.dir/home/michal/Development/pico-sdk/lib/tinyusb/src/class/cdc/cdc_device.c.o
                0x10004340                cdcd_deinit
 .text.cdcd_reset
                0x10004370       0x4c CMakeFiles/impulse-cec.dir/home/michal/Development/pico-sdk/lib/tinyusb/src/class/cdc/cdc_device.c.o
                0x10004370                cdcd_reset
 .text.cdcd_open
                0x100043bc       0xc0 CMakeFiles/impulse-cec.dir/home/michal/Development/pico-sdk/lib/tinyusb/src/class/cdc/cdc_device.c.o
                0x100043bc                cdcd_open
 .text.cdcd_control_xfer_cb
                0x1000447c       0xc0 CMakeFiles/impulse-cec.dir/home/michal/Development/pico-sdk/lib/tinyusb/src/class/cdc/cdc_device.c.o
                0x1000447c                cdcd_control_xfer_cb
 .text.cdcd_xfer_cb
                0x1000453c       0xf8 CMakeFiles/impulse-cec.dir/home/michal/Development/pico-sdk/lib/tinyusb/src/class/cdc/cdc_device.c.o
                0x1000453c                cdcd_xfer_cb
 .text.tusb_rhport_init
                0x10004634       0x64 CMakeFiles/impulse-cec.dir/home/michal/Development/pico-sdk/lib/tinyusb/src/tusb.c.o
                0x10004634                tusb_rhport_init
 .text.tu_edpt_claim
                0x10004698       0x54 CMakeFiles/impulse-cec.dir/home/michal/Development/pico-sdk/lib/tinyusb/src/tusb.c.o
                0x10004698                tu_edpt_claim
 .text.tu_edpt_release
                0x100046ec       0x38 CMakeFiles/impulse-cec.dir/home/michal/Development/pico-sdk/lib/tinyusb/src/tusb.c.o
                0x100046ec                tu_edpt_release
 .text.tu_edpt_validate
                0x10004724       0x60 CMakeFiles/impulse-cec.dir/home/michal/Development/pico-sdk/lib/tinyusb/src/tusb.c.o
                0x10004724                tu_edpt_validate
 .text.tu_edpt_bind_driver
                0x10004784       0x58 CMakeFiles/impulse-cec.dir/home/michal/Development/pico-sdk/lib/tinyusb/src/tusb.c.o
                0x10004784                tu_edpt_bind_driver
 .text.tu_fifo_config
                0x100047dc       0x60 CMakeFiles/impulse-cec.dir/home/michal/Development/pico-sdk/lib/tinyusb/src/common/tusb_fifo.c.o
                0x100047dc                tu_fifo_config
 .text.tu_fifo_count
                0x1000483c       0x20 CMakeFiles/impulse-cec.dir/home/michal/Development/pico-sdk/lib/tinyusb/src/common/tusb_fifo.c.o
                0x1000483c                tu_fifo_count
 .text.tu_fifo_empty
                0x1000485c       0x14 CMakeFiles/impulse-cec.dir/home/michal/Development/pico-sdk/lib/tinyusb/src/common/tusb_fifo.c.o
                0x1000485c                tu_fifo_empty
 .text.tu_fifo_remaining
                0x10004870       0x24 CMakeFiles/impulse-cec.dir/home/michal/Development/pico-sdk/lib/tinyusb/src/common/tusb_fifo.c.o
                0x10004870                tu_fifo_remaining
 .text.tu_fifo_read
                0x10004894       0x94 CMakeFiles/impulse-cec.dir/home/michal/Development/pico-sdk/lib/tinyusb/src/common/tusb_fifo.c.o
                0x10004894                tu_fifo_read
 .text.tu_fifo_read_n
                0x10004928       0xd8 CMakeFiles/impulse-cec.dir/home/michal/Development/pico-sdk/lib/tinyusb/src/common/tusb_fifo.c.o
                0x10004928                tu_fifo_read_n
 .text.tu_fifo_write
                0x10004a00       0xa4 CMakeFiles/impulse-cec.dir/home/michal/Development/pico-sdk/lib/tinyusb/src/common/tusb_fifo.c.o
                0x10004a00                tu_fifo_write
 .text.tu_fifo_write_n
                0x10004aa4      0x15c CMakeFiles/impulse-cec.dir/home/michal/Development/pico-sdk/lib/tinyusb/src/common/tusb_fifo.c.o
                0x10004aa4                tu_fifo_write_n
 .text.tu_fifo_clear
                0x10004c00       0x38 CMakeFiles/impulse-cec.dir/home/michal/Development/pico-sdk/lib/tinyusb/src/common/tusb_fifo.c.o
                0x10004c00                tu_fifo_clear
 .text.tu_fifo_set_overwritable
                0x10004c38       0x3c CMakeFiles/impulse-cec.dir/home/michal/Development/pico-sdk/lib/tinyusb/src/common/tusb_fifo.c.o
                0x10004c38                tu_fifo_set_overwritable
 .text.startup._retrieve_unique_id_on_boot
                0x10004c74       0x30 CMakeFiles/impulse-cec.dir/home/michal/Development/pico-sdk/src/rp2_common/pico_unique_id/unique_id.c.o
 .text.atexit   0x10004ca4        0xc /usr/lib/gcc/arm-none-eabi/14.2.0/../../../../arm-none-eabi/lib/thumb/v8-m.main+fp/softfp/libg.a(libc_a-atexit.o)
                0x10004ca4                atexit
 .text.memset   0x10004cb0       0x9c /usr/lib/gcc/arm-none-eabi/14.2.0/../../../../arm-none-eabi/lib/thumb/v8-m.main+fp/softfp/libg.a(libc_a-memset.o)
                0x10004cb0                memset
 .text.strlcpy  0x10004d4c       0x4c /usr/lib/gcc/arm-none-eabi/14.2.0/../../../../arm-none-eabi/lib/thumb/v8-m.main+fp/softfp/libg.a(libc_a-strlcpy.o)
                0x10004d4c                strlcpy
 .text.__libc_fini_array
                0x10004d98       0x28 /usr/lib/gcc/arm-none-eabi/14.2.0/../../../../arm-none-eabi/lib/thumb/v8-m.main+fp/softfp/libg.a(libc_a-fini.o)
                0x10004d98                __libc_fini_array
 .text.__retarget_lock_acquire_recursive
                0x10004dc0        0x4 /usr/lib/gcc/arm-none-eabi/14.2.0/../../../../arm-none-eabi/lib/thumb/v8-m.main+fp/softfp/libg.a(libc_a-lock.o)
                0x10004dc0                __retarget_lock_acquire_recursive
 .text.__retarget_lock_release_recursive
                0x10004dc4        0x4 /usr/lib/gcc/arm-none-eabi/14.2.0/../../../../arm-none-eabi/lib/thumb/v8-m.main+fp/softfp/libg.a(libc_a-lock.o)
                0x10004dc4                __retarget_lock_release_recursive
 .text          0x10004dc8      0x1bc /usr/lib/gcc/arm-none-eabi/14.2.0/../../../../arm-none-eabi/lib/thumb/v8-m.main+fp/softfp/libg.a(libc_a-strcmp.o)
                0x10004dc8                strcmp
 .text          0x10004f84       0xec /usr/lib/gcc/arm-none-eabi/14.2.0/../../../../arm-none-eabi/lib/thumb/v8-m.main+fp/softfp/libg.a(libc_a-memcpy.o)
                0x10004f84                memcpy
 .text.strlen   0x10005070       0x5c /usr/lib/gcc/arm-none-eabi/14.2.0/../../../../arm-none-eabi/lib/thumb/v8-m.main+fp/softfp/libg.a(libc_a-strlen-stub.o)
                0x10005070                strlen
 .text.__register_exitproc
                0x100050cc       0x84 /usr/lib/gcc/arm-none-eabi/14.2.0/../../../../arm-none-eabi/lib/thumb/v8-m.main+fp/softfp/libg.a(libc_a-__atexit.o)
                0x100050cc                __register_exitproc
 .text.startup.register_fini
                0x10005150       0x14 /usr/lib/gcc/arm-none-eabi/14.2.0/../../../../arm-none-eabi/lib/thumb/v8-m.main+fp/softfp/libg.a(libc_a-__call_atexit.o)
 *(.fini)
 .fini          0x10005164        0x4 /usr/lib/gcc/arm-none-eabi/14.2.0/thumb/v8-m.main+fp/softfp/crti.o
                0x10005164                _fini
 .fini.__stub   0x10005168       0x50 linker stubs
 *crtbegin.o(.ctors)
 *crtbegin?.o(.ctors)
 *(EXCLUDE_FILE(*crtend.o *crtend?.o) .ctors)
 *(SORT_BY_NAME(.ctors.*))
 *(.ctors)
 *crtbegin.o(.dtors)
 *crtbegin?.o(.dtors)
 *(EXCLUDE_FILE(*crtend.o *crtend?.o) .dtors)
 *(SORT_BY_NAME(.dtors.*))
 *(.dtors)
                0x100051b8                        . = ALIGN (0x4)
                0x100051b8                        PROVIDE (__preinit_array_start = .)
 *(SORT_BY_NAME(.preinit_array.*))
 .preinit_array.00050
                0x100051b8        0x4 CMakeFiles/impulse-cec.dir/home/michal/Development/pico-sdk/src/rp2_common/pico_runtime_init/runtime_init.c.o
                0x100051b8                __pre_init_runtime_init_bootrom_reset
 .preinit_array.00100
                0x100051bc        0x4 CMakeFiles/impulse-cec.dir/home/michal/Development/pico-sdk/src/rp2_common/pico_runtime_init/runtime_init.c.o
                0x100051bc                __pre_init_runtime_init_early_resets
 .preinit_array.00101
                0x100051c0        0x4 CMakeFiles/impulse-cec.dir/home/michal/Development/pico-sdk/src/rp2_common/pico_runtime_init/runtime_init.c.o
                0x100051c0                __pre_init_runtime_init_usb_power_down
 .preinit_array.00500
                0x100051c4        0x4 CMakeFiles/impulse-cec.dir/home/michal/Development/pico-sdk/src/rp2_common/pico_runtime_init/runtime_init.c.o
                0x100051c4                __pre_init_runtime_init_clocks
 .preinit_array.00600
                0x100051c8        0x4 CMakeFiles/impulse-cec.dir/home/michal/Development/pico-sdk/src/rp2_common/pico_runtime_init/runtime_init.c.o
                0x100051c8                __pre_init_runtime_init_post_clock_resets
 .preinit_array.01000
                0x100051cc        0x4 CMakeFiles/impulse-cec.dir/home/michal/Development/pico-sdk/src/rp2_common/hardware_boot_lock/boot_lock.c.o
                0x100051cc                __pre_init_runtime_init_boot_locks_reset
 .preinit_array.01000
                0x100051d0        0x4 CMakeFiles/impulse-cec.dir/home/michal/Development/pico-sdk/src/rp2_common/pico_runtime_init/runtime_init.c.o
                0x100051d0                __pre_init_runtime_init_spin_locks_reset
 .preinit_array.01010
                0x100051d4        0x4 CMakeFiles/impulse-cec.dir/home/michal/Development/pico-sdk/src/rp2_common/pico_bootrom/bootrom_lock.c.o
                0x100051d4                __pre_init_runtime_init_bootrom_locking_enable
 .preinit_array.01100
                0x100051d8        0x4 CMakeFiles/impulse-cec.dir/home/michal/Development/pico-sdk/src/common/pico_sync/mutex.c.o
                0x100051d8                __pre_init_runtime_init_mutex
 .preinit_array.10080
                0x100051dc        0x4 CMakeFiles/impulse-cec.dir/home/michal/Development/pico-sdk/src/rp2_common/pico_runtime_init/runtime_init.c.o
                0x100051dc                __pre_init_runtime_init_install_ram_vector_table
 .preinit_array.11000
                0x100051e0        0x4 CMakeFiles/impulse-cec.dir/home/michal/Development/pico-sdk/src/common/pico_time/time.c.o
                0x100051e0                __pre_init_runtime_init_default_alarm_pool
 .preinit_array.YYYYY
                0x100051e4        0x4 CMakeFiles/impulse-cec.dir/home/michal/Development/pico-sdk/src/rp2_common/pico_runtime/runtime.c.o
                0x100051e4                __pre_init_first_per_core_initializer
 .preinit_array.ZZZZZ.00051
                0x100051e8        0x4 CMakeFiles/impulse-cec.dir/home/michal/Development/pico-sdk/src/rp2_common/pico_runtime_init/runtime_init.c.o
                0x100051e8                __pre_init_runtime_init_per_core_bootrom_reset
 .preinit_array.ZZZZZ.00200
                0x100051ec        0x4 CMakeFiles/impulse-cec.dir/home/michal/Development/pico-sdk/src/rp2_common/pico_runtime_init/runtime_init.c.o
                0x100051ec                __pre_init_runtime_init_per_core_enable_coprocessors
 .preinit_array.ZZZZZ.01000
                0x100051f0        0x4 CMakeFiles/impulse-cec.dir/home/michal/Development/pico-sdk/src/rp2_common/hardware_sync_spin_lock/sync_spin_lock.c.o
                0x100051f0                __pre_init_spinlock_set_extexclall
 .preinit_array.ZZZZZ.01200
                0x100051f4        0x4 CMakeFiles/impulse-cec.dir/home/michal/Development/pico-sdk/src/rp2_common/hardware_irq/irq.c.o
                0x100051f4                __pre_init_runtime_init_per_core_irq_priorities
 *(.preinit_array)
                0x100051f8                        PROVIDE (__preinit_array_end = .)
                0x100051f8                        . = ALIGN (0x4)
                0x100051f8                        PROVIDE (__init_array_start = .)
 *(SORT_BY_NAME(.init_array.*))
 .init_array.00000
                0x100051f8        0x4 /usr/lib/gcc/arm-none-eabi/14.2.0/../../../../arm-none-eabi/lib/thumb/v8-m.main+fp/softfp/libg.a(libc_a-__call_atexit.o)
 .init_array.01000
                0x100051fc        0x4 CMakeFiles/impulse-cec.dir/home/michal/Development/pico-sdk/src/rp2_common/pico_unique_id/unique_id.c.o
 *(.init_array)
 .init_array    0x10005200        0x4 /usr/lib/gcc/arm-none-eabi/14.2.0/thumb/v8-m.main+fp/softfp/crtbegin.o
                0x10005204                        PROVIDE (__init_array_end = .)
                0x10005204                        . = ALIGN (0x4)
                0x10005204                        PROVIDE (__fini_array_start = .)
 *(SORT_BY_NAME(.fini_array.*))
 *(.fini_array)
                0x10005204                        PROVIDE (__fini_array_end = .)
 *(.eh_frame*)
 .eh_frame      0x10005204        0x0 /usr/lib/gcc/arm-none-eabi/14.2.0/thumb/v8-m.main+fp/softfp/crtbegin.o
                0x10005204                        . = ALIGN (0x4)

.glue_7         0x10005204        0x0
 .glue_7        0x10005204        0x0 linker stubs

.glue_7t        0x10005204        0x0
 .glue_7t       0x10005204        0x0 linker stubs

.vfp11_veneer   0x10005204        0x0
 .vfp11_veneer  0x10005204        0x0 linker stubs

.v4_bx          0x10005204        0x0
 .v4_bx         0x10005204        0x0 linker stubs

.iplt           0x10005204        0x0
 .iplt          0x10005204        0x0 /usr/lib/gcc/arm-none-eabi/14.2.0/thumb/v8-m.main+fp/softfp/crtbegin.o

.boot2          0x10005204        0x0
                0x10005204                        __boot2_start__ = .
 *(.boot2)
                0x10005204                        __boot2_end__ = .
                0x00000001                        ASSERT (((__boot2_end__ - __boot2_start__) <= 0x100), ERROR: Pico second stage bootloader must be no more than 256 bytes in size)

.rodata         0x10005204      0x290
 *(EXCLUDE_FILE(*libm.a: *libc.a:*lib_a-mem*.o *libgcc.a:) .rodata*)
 .rodata.flash_kv_init.str1.4
                0x10005204      0x198 CMakeFiles/impulse-cec.dir/flash_kv.c.o
                                  0xc (size before relaxing)
 .rodata.flash_kv_get_u8.str1.4
                0x1000539c       0x31 CMakeFiles/impulse-cec.dir/flash_kv.c.o
 .rodata.flash_kv_get_u16.str1.4
                0x1000539c       0x12 CMakeFiles/impulse-cec.dir/flash_kv.c.o
 .rodata.flash_kv_get_str.str1.4
                0x1000539c        0x9 CMakeFiles/impulse-cec.dir/flash_kv.c.o
 .rodata.str1.4
                0x1000539c       0x35 CMakeFiles/impulse-cec.dir/usb_descriptors.c.o
 .rodata.s_string_table
                0x1000539c       0x10 CMakeFiles/impulse-cec.dir/usb_descriptors.c.o
 .rodata.s_lang_table
                0x100053ac        0x4 CMakeFiles/impulse-cec.dir/usb_descriptors.c.o
 .rodata.desc_fs_configuration
                0x100053b0       0x4b CMakeFiles/impulse-cec.dir/usb_descriptors.c.o
                0x100053b0                desc_fs_configuration
 *fill*         0x100053fb        0x1 
 .rodata.desc_device
                0x100053fc       0x12 CMakeFiles/impulse-cec.dir/usb_descriptors.c.o
                0x100053fc                desc_device
 .rodata.p8_rx_byte.str1.4
                0x1000540e       0x51 CMakeFiles/impulse-cec.dir/home/michal/Development/esp32-p8/shared/p8_protocol.c.o
 .rodata.p8_protocol_init.str1.4
                0x1000540e        0xc CMakeFiles/impulse-cec.dir/home/michal/Development/esp32-p8/shared/p8_protocol.c.o
 .rodata.panic.str1.4
                0x1000540e       0x12 CMakeFiles/impulse-cec.dir/home/michal/Development/pico-sdk/src/rp2_common/pico_platform_panic/panic.c.o
 .rodata.spin_lock_claim_unused.str1.4
                0x1000540e       0x1b CMakeFiles/impulse-cec.dir/home/michal/Development/pico-sdk/src/rp2_common/hardware_sync/sync.c.o
 .rodata.timer_hardware_alarm_claim.str1.4
                0x1000540e       0x22 CMakeFiles/impulse-cec.dir/home/michal/Development/pico-sdk/src/rp2_common/hardware_timer/timer.c.o
 .rodata.hard_assertion_failure.str1.4
                0x1000540e        0xc CMakeFiles/impulse-cec.dir/home/michal/Development/pico-sdk/src/rp2_common/pico_runtime/runtime.c.o
 .rodata.str1.4
                0x1000540e       0x4c CMakeFiles/impulse-cec.dir/home/michal/Development/pico-sdk/src/rp2_common/pico_standard_binary_info/standard_binary_info.c.o
 *fill*         0x1000540e        0x2 
 .rodata.__bi_84
                0x10005410        0xc CMakeFiles/impulse-cec.dir/home/michal/Development/pico-sdk/src/rp2_common/pico_standard_binary_info/standard_binary_info.c.o
 .rodata.__bi_78
                0x1000541c        0xc CMakeFiles/impulse-cec.dir/home/michal/Development/pico-sdk/src/rp2_common/pico_standard_binary_info/standard_binary_info.c.o
 .rodata.__bi_54
                0x10005428        0xc CMakeFiles/impulse-cec.dir/home/michal/Development/pico-sdk/src/rp2_common/pico_standard_binary_info/standard_binary_info.c.o
 .rodata.__bi_48
                0x10005434        0xc CMakeFiles/impulse-cec.dir/home/michal/Development/pico-sdk/src/rp2_common/pico_standard_binary_info/standard_binary_info.c.o
 .rodata.__bi_42
                0x10005440        0xc CMakeFiles/impulse-cec.dir/home/michal/Development/pico-sdk/src/rp2_common/pico_standard_binary_info/standard_binary_info.c.o
 .rodata.__bi_34
                0x1000544c        0xc CMakeFiles/impulse-cec.dir/home/michal/Development/pico-sdk/src/rp2_common/pico_standard_binary_info/standard_binary_info.c.o
 .rodata.__bi_26
                0x10005458        0xc CMakeFiles/impulse-cec.dir/home/michal/Development/pico-sdk/src/rp2_common/pico_standard_binary_info/standard_binary_info.c.o
 .rodata.crlf_str.0
                0x10005464        0x2 CMakeFiles/impulse-cec.dir/home/michal/Development/pico-sdk/src/rp2_common/pico_stdio/stdio.c.o
 .rodata.str1.4
                0x10005466       0x14 CMakeFiles/impulse-cec.dir/home/michal/Development/pico-sdk/lib/tinyusb/src/portable/raspberrypi/rp2040/dcd_rp2040.c.o
 .rodata.str1.4
                0x10005466       0x48 CMakeFiles/impulse-cec.dir/home/michal/Development/pico-sdk/lib/tinyusb/src/portable/raspberrypi/rp2040/rp2040_usb.c.o
 *fill*         0x10005466        0x2 
 .rodata._usbd_driver
                0x10005468       0x20 CMakeFiles/impulse-cec.dir/home/michal/Development/pico-sdk/lib/tinyusb/src/device/usbd.c.o
 .rodata.str1.4
                0x10005488        0x4 CMakeFiles/impulse-cec.dir/home/michal/Development/pico-sdk/lib/tinyusb/hw/bsp/rp2040/family.c.o
 .rodata.__bi_153.0
                0x10005488        0xc CMakeFiles/impulse-cec.dir/home/michal/Development/pico-sdk/lib/tinyusb/hw/bsp/rp2040/family.c.o
 *(.srodata*)
                0x10005494                        . = ALIGN (0x4)
 *(SORT_BY_ALIGNMENT(SORT_BY_NAME(.flashdata*)))
                0x10005494                        . = ALIGN (0x4)

.ARM.extab
 *(.ARM.extab* .gnu.linkonce.armextab.*)
                0x10005494                        __exidx_start = .

.ARM.exidx      0x10005494        0x8
 *(.ARM.exidx* .gnu.linkonce.armexidx.*)
 .ARM.exidx     0x10005494        0x8 /usr/lib/gcc/arm-none-eabi/14.2.0/../../../../arm-none-eabi/lib/thumb/v8-m.main+fp/softfp/libg.a(libc_a-strcmp.o)
 .ARM.exidx     0x1000549c        0x0 /usr/lib/gcc/arm-none-eabi/14.2.0/../../../../arm-none-eabi/lib/thumb/v8-m.main+fp/softfp/libg.a(libc_a-memcpy.o)
                                  0x8 (size before relaxing)
                0x1000549c                        __exidx_end = .
                0x1000549c                        . = ALIGN (0x4)
                0x1000549c                        __binary_info_start = .

.binary_info    0x1000549c       0x20
 *(.binary_info.keep.*)
 .binary_info.keep.__bi_ptr84
                0x1000549c        0x4 CMakeFiles/impulse-cec.dir/home/michal/Development/pico-sdk/src/rp2_common/pico_standard_binary_info/standard_binary_info.c.o
 .binary_info.keep.__bi_ptr78
                0x100054a0        0x4 CMakeFiles/impulse-cec.dir/home/michal/Development/pico-sdk/src/rp2_common/pico_standard_binary_info/standard_binary_info.c.o
 .binary_info.keep.__bi_ptr54
                0x100054a4        0x4 CMakeFiles/impulse-cec.dir/home/michal/Development/pico-sdk/src/rp2_common/pico_standard_binary_info/standard_binary_info.c.o
 .binary_info.keep.__bi_ptr48
                0x100054a8        0x4 CMakeFiles/impulse-cec.dir/home/michal/Development/pico-sdk/src/rp2_common/pico_standard_binary_info/standard_binary_info.c.o
 .binary_info.keep.__bi_ptr42
                0x100054ac        0x4 CMakeFiles/impulse-cec.dir/home/michal/Development/pico-sdk/src/rp2_common/pico_standard_binary_info/standard_binary_info.c.o
 .binary_info.keep.__bi_ptr34
                0x100054b0        0x4 CMakeFiles/impulse-cec.dir/home/michal/Development/pico-sdk/src/rp2_common/pico_standard_binary_info/standard_binary_info.c.o
 .binary_info.keep.__bi_ptr26
                0x100054b4        0x4 CMakeFiles/impulse-cec.dir/home/michal/Development/pico-sdk/src/rp2_common/pico_standard_binary_info/standard_binary_info.c.o
 .binary_info.keep.__bi_ptr153
                0x100054b8        0x4 CMakeFiles/impulse-cec.dir/home/michal/Development/pico-sdk/lib/tinyusb/hw/bsp/rp2040/family.c.o
 *(.binary_info.*)
                0x100054bc                        __binary_info_end = .
                0x100054bc                        . = ALIGN (0x4)

.ram_vector_table
                0x20000000      0x110
 *(.ram_vector_table)
 .ram_vector_table
                0x20000000      0x110 CMakeFiles/impulse-cec.dir/home/michal/Development/pico-sdk/src/rp2_common/pico_runtime_init/runtime_init.c.o
                0x20000000                ram_vector_table

.uninitialized_data
                0x20000110        0x0
                0x20000110                        . = ALIGN (0x4)
 *(.uninitialized_data*)

.data           0x20000110      0xfc8 load address 0x100054bc
                0x20000110                        __data_start__ = .
 *(vtable)
 *(.time_critical*)
 .time_critical.mutex_enter_block_until
                0x20000110       0x6c CMakeFiles/impulse-cec.dir/home/michal/Development/pico-sdk/src/common/pico_sync/mutex.c.o
                0x20000110                mutex_enter_block_until
 .time_critical.mutex_try_enter_block_until
                0x2000017c       0x68 CMakeFiles/impulse-cec.dir/home/michal/Development/pico-sdk/src/common/pico_sync/mutex.c.o
                0x2000017c                mutex_try_enter_block_until
 .time_critical.mutex_enter_timeout_ms
                0x200001e4       0x38 CMakeFiles/impulse-cec.dir/home/michal/Development/pico-sdk/src/common/pico_sync/mutex.c.o
                0x200001e4                mutex_enter_timeout_ms
 .time_critical.mutex_exit
                0x2000021c       0x3c CMakeFiles/impulse-cec.dir/home/michal/Development/pico-sdk/src/common/pico_sync/mutex.c.o
                0x2000021c                mutex_exit
 .time_critical.flash_init_boot2_copyout
                0x20000258       0x34 CMakeFiles/impulse-cec.dir/home/michal/Development/pico-sdk/src/rp2_common/hardware_flash/flash.c.o
 .time_critical.flash_enable_xip_via_boot2
                0x2000028c        0x8 CMakeFiles/impulse-cec.dir/home/michal/Development/pico-sdk/src/rp2_common/hardware_flash/flash.c.o
 .time_critical.flash_rp2350_save_qmi_cs1
                0x20000294       0x14 CMakeFiles/impulse-cec.dir/home/michal/Development/pico-sdk/src/rp2_common/hardware_flash/flash.c.o
 .time_critical.flash_devinfo_ptr
                0x200002a8       0x14 CMakeFiles/impulse-cec.dir/home/michal/Development/pico-sdk/src/rp2_common/hardware_flash/flash.c.o
 .time_critical.flash_save_hardware_state
                0x200002bc       0x30 CMakeFiles/impulse-cec.dir/home/michal/Development/pico-sdk/src/rp2_common/hardware_flash/flash.c.o
 .time_critical.flash_devinfo_get_cs_size
                0x200002ec       0x18 CMakeFiles/impulse-cec.dir/home/michal/Development/pico-sdk/src/rp2_common/hardware_flash/flash.c.o
                0x200002ec                flash_devinfo_get_cs_size
 .time_critical.flash_rp2350_restore_qmi_cs1
                0x20000304       0x30 CMakeFiles/impulse-cec.dir/home/michal/Development/pico-sdk/src/rp2_common/hardware_flash/flash.c.o
 .time_critical.flash_restore_hardware_state
                0x20000334       0x24 CMakeFiles/impulse-cec.dir/home/michal/Development/pico-sdk/src/rp2_common/hardware_flash/flash.c.o
 .time_critical.flash_range_erase
                0x20000358       0xac CMakeFiles/impulse-cec.dir/home/michal/Development/pico-sdk/src/rp2_common/hardware_flash/flash.c.o
                0x20000358                flash_range_erase
 .time_critical.flash_range_program
                0x20000404       0xac CMakeFiles/impulse-cec.dir/home/michal/Development/pico-sdk/src/rp2_common/hardware_flash/flash.c.o
                0x20000404                flash_range_program
 .time_critical.xip_cache_maintain
                0x200004b0       0x20 CMakeFiles/impulse-cec.dir/home/michal/Development/pico-sdk/src/rp2_common/hardware_xip_cache/xip_cache.c.o
 .time_critical.xip_cache_clean_all
                0x200004d0       0x10 CMakeFiles/impulse-cec.dir/home/michal/Development/pico-sdk/src/rp2_common/hardware_xip_cache/xip_cache.c.o
                0x200004d0                xip_cache_clean_all
 .time_critical.reset_non_control_endpoints
                0x200004e0       0x64 CMakeFiles/impulse-cec.dir/home/michal/Development/pico-sdk/lib/tinyusb/src/portable/raspberrypi/rp2040/dcd_rp2040.c.o
 .time_critical.hw_handle_buff_status
                0x20000544       0x90 CMakeFiles/impulse-cec.dir/home/michal/Development/pico-sdk/lib/tinyusb/src/portable/raspberrypi/rp2040/dcd_rp2040.c.o
 .time_critical.dcd_rp2040_irq
                0x200005d4      0x530 CMakeFiles/impulse-cec.dir/home/michal/Development/pico-sdk/lib/tinyusb/src/portable/raspberrypi/rp2040/dcd_rp2040.c.o
 .time_critical.prepare_ep_buffer
                0x20000b04       0xc0 CMakeFiles/impulse-cec.dir/home/michal/Development/pico-sdk/lib/tinyusb/src/portable/raspberrypi/rp2040/rp2040_usb.c.o
 .time_critical.sync_ep_buffer
                0x20000bc4       0xb4 CMakeFiles/impulse-cec.dir/home/michal/Development/pico-sdk/lib/tinyusb/src/portable/raspberrypi/rp2040/rp2040_usb.c.o
 .time_critical._hw_endpoint_xfer_sync
                0x20000c78       0x2c CMakeFiles/impulse-cec.dir/home/michal/Development/pico-sdk/lib/tinyusb/src/portable/raspberrypi/rp2040/rp2040_usb.c.o
 .time_critical.e15_is_bulkin_ep
                0x20000ca4       0x28 CMakeFiles/impulse-cec.dir/home/michal/Development/pico-sdk/lib/tinyusb/src/portable/raspberrypi/rp2040/rp2040_usb.c.o
 .time_critical.e15_is_critical_frame_period
                0x20000ccc       0x28 CMakeFiles/impulse-cec.dir/home/michal/Development/pico-sdk/lib/tinyusb/src/portable/raspberrypi/rp2040/rp2040_usb.c.o
 .time_critical.hw_endpoint_reset_transfer
                0x20000cf4        0xc CMakeFiles/impulse-cec.dir/home/michal/Development/pico-sdk/lib/tinyusb/src/portable/raspberrypi/rp2040/rp2040_usb.c.o
                0x20000cf4                hw_endpoint_reset_transfer
 .time_critical._hw_endpoint_buffer_control_update32
                0x20000d00       0x44 CMakeFiles/impulse-cec.dir/home/michal/Development/pico-sdk/lib/tinyusb/src/portable/raspberrypi/rp2040/rp2040_usb.c.o
                0x20000d00                _hw_endpoint_buffer_control_update32
 .time_critical.hw_endpoint_start_next_buffer
                0x20000d44       0x64 CMakeFiles/impulse-cec.dir/home/michal/Development/pico-sdk/lib/tinyusb/src/portable/raspberrypi/rp2040/rp2040_usb.c.o
                0x20000d44                hw_endpoint_start_next_buffer
 .time_critical.hw_endpoint_xfer_continue
                0x20000da8       0x3c CMakeFiles/impulse-cec.dir/home/michal/Development/pico-sdk/lib/tinyusb/src/portable/raspberrypi/rp2040/rp2040_usb.c.o
                0x20000da8                hw_endpoint_xfer_continue
 .time_critical.tinyusb
                0x20000de4      0x218 CMakeFiles/impulse-cec.dir/home/michal/Development/pico-sdk/lib/tinyusb/src/device/usbd.c.o
                0x20000de4                dcd_event_handler
 *fill*         0x20000ffc        0x4 
 .time_critical.tinyusb.__stub
                0x20001000       0x38 linker stubs
 *(.text*)
                0x20001038                        . = ALIGN (0x4)
 *(.rodata*)
                0x20001038                        . = ALIGN (0x4)
 *(.data*)
 .data.s_tx     0x20001038       0x13 CMakeFiles/impulse-cec.dir/home/michal/Development/esp32-p8/shared/p8_protocol.c.o
 .data.striped_spin_lock_num
                0x2000104b        0x1 CMakeFiles/impulse-cec.dir/home/michal/Development/pico-sdk/src/rp2_common/hardware_sync/sync.c.o
 .data          0x2000104c       0x48 CMakeFiles/impulse-cec.dir/home/michal/Development/pico-sdk/src/rp2_common/hardware_irq/irq_handler_chain.S.o
                0x2000104c                irq_handler_chain_slots
                0x2000107c                irq_handler_chain_first_slot
                0x20001086                irq_handler_chain_remove_tail
 .data.default_alarm_pool
                0x20001094       0x18 CMakeFiles/impulse-cec.dir/home/michal/Development/pico-sdk/src/common/pico_time/time.c.o
 .data._usbd_qdef
                0x200010ac       0x1c CMakeFiles/impulse-cec.dir/home/michal/Development/pico-sdk/lib/tinyusb/src/device/usbd.c.o
                0x200010ac                _usbd_qdef
 .data._usbd_rhport
                0x200010c8        0x1 CMakeFiles/impulse-cec.dir/home/michal/Development/pico-sdk/lib/tinyusb/src/device/usbd.c.o
 *fill*         0x200010c9        0x3 
 .data.__atexit_recursive_mutex
                0x200010cc        0x4 /usr/lib/gcc/arm-none-eabi/14.2.0/../../../../arm-none-eabi/lib/thumb/v8-m.main+fp/softfp/libg.a(libc_a-__call_atexit.o)
                0x200010cc                __atexit_recursive_mutex
 *(.sdata*)
                0x200010d0                        . = ALIGN (0x4)
 *(.after_data.*)
                0x200010d0                        . = ALIGN (0x4)
                0x200010d0                        PROVIDE (__mutex_array_start = .)
 *(SORT_BY_NAME(.mutex_array.*))
 *(.mutex_array)
 .mutex_array   0x200010d0        0x8 CMakeFiles/impulse-cec.dir/home/michal/Development/pico-sdk/src/rp2_common/pico_stdio/stdio.c.o
                0x200010d8                        PROVIDE (__mutex_array_end = .)
 *(.jcr)
                0x200010d8                        . = ALIGN (0x4)

.igot.plt       0x200010d8        0x0 load address 0x10006484
 .igot.plt      0x200010d8        0x0 /usr/lib/gcc/arm-none-eabi/14.2.0/thumb/v8-m.main+fp/softfp/crtbegin.o

.tdata          0x200010d8        0x0 load address 0x10006484
                0x200010d8                        . = ALIGN (0x4)
 *(.tdata .tdata.* .gnu.linkonce.td.*)
                0x200010d8                        __tdata_end = .
                0x200010d8                        PROVIDE (__data_end__ = .)
                0x100054bc                        __etext = LOADADDR (.data)

.tbss           0x200010d8        0x0 load address 0x10006484
                0x200010d8                        . = ALIGN (0x4)
                0x200010d8                        __bss_start__ = .
                0x200010d8                        __tls_base = .
 *(.tbss .tbss.* .gnu.linkonce.tb.*)
 *(.tcommon)
                0x200010d8                        __tls_end = .

.bss            0x200010d8     0x1518 load address 0x10006484
                0x200010d8                        . = ALIGN (0x4)
                0x200010d8                        __tbss_end = .
 *(SORT_BY_ALIGNMENT(SORT_BY_NAME(.bss*)))
 .bss.default_alarm_pool_entries
                0x200010d8      0x180 CMakeFiles/impulse-cec.dir/home/michal/Development/pico-sdk/src/common/pico_time/time.c.o
 .bss.fall_time.4
                0x20001258        0x8 CMakeFiles/impulse-cec.dir/cec_bus.c.o
 .bss.s_last_activity_us
                0x20001260        0x8 CMakeFiles/impulse-cec.dir/cec_bus.c.o
 .bss.s_ring    0x20001268      0x400 CMakeFiles/impulse-cec.dir/cec_bus.c.o
 .bss.s_tx_bit_start
                0x20001668        0x8 CMakeFiles/impulse-cec.dir/cec_bus.c.o
 .bss.s_tx_wait_start_us
                0x20001670        0x8 CMakeFiles/impulse-cec.dir/cec_bus.c.o
 .bss.__atexit  0x20001678        0x4 /usr/lib/gcc/arm-none-eabi/14.2.0/../../../../arm-none-eabi/lib/thumb/v8-m.main+fp/softfp/libg.a(libc_a-__call_atexit.o)
                0x20001678                __atexit
 .bss.__atexit0
                0x2000167c      0x190 /usr/lib/gcc/arm-none-eabi/14.2.0/../../../../arm-none-eabi/lib/thumb/v8-m.main+fp/softfp/libg.a(libc_a-__atexit.o)
                0x2000167c                __atexit0
 .bss.__lock___atexit_recursive_mutex
                0x2000180c        0x1 /usr/lib/gcc/arm-none-eabi/14.2.0/../../../../arm-none-eabi/lib/thumb/v8-m.main+fp/softfp/libg.a(libc_a-lock.o)
                0x2000180c                __lock___atexit_recursive_mutex
 *fill*         0x2000180d        0x3 
 .bss._app_driver
                0x20001810        0x4 CMakeFiles/impulse-cec.dir/home/michal/Development/pico-sdk/lib/tinyusb/src/device/usbd.c.o
 .bss._cdcd_epbuf
                0x20001814       0x80 CMakeFiles/impulse-cec.dir/home/michal/Development/pico-sdk/lib/tinyusb/src/class/cdc/cdc_device.c.o
 .bss._cdcd_fifo_cfg
                0x20001894        0x1 CMakeFiles/impulse-cec.dir/home/michal/Development/pico-sdk/lib/tinyusb/src/class/cdc/cdc_device.c.o
 *fill*         0x20001895        0x3 
 .bss._cdcd_itf
                0x20001898      0x248 CMakeFiles/impulse-cec.dir/home/michal/Development/pico-sdk/lib/tinyusb/src/class/cdc/cdc_device.c.o
 .bss._ctrl_epbuf
                0x20001ae0       0x40 CMakeFiles/impulse-cec.dir/home/michal/Development/pico-sdk/lib/tinyusb/src/device/usbd_control.c.o
 .bss._ctrl_xfer
                0x20001b20       0x14 CMakeFiles/impulse-cec.dir/home/michal/Development/pico-sdk/lib/tinyusb/src/device/usbd_control.c.o
 .bss._sw_spin_locks
                0x20001b34       0x20 CMakeFiles/impulse-cec.dir/home/michal/Development/pico-sdk/src/rp2_common/hardware_sync_spin_lock/sync_spin_lock.c.o
                0x20001b34                _sw_spin_locks
 .bss._tusb_rhport_role
                0x20001b54        0x2 CMakeFiles/impulse-cec.dir/home/michal/Development/pico-sdk/lib/tinyusb/src/tusb.c.o
                0x20001b54                _tusb_rhport_role
 *fill*         0x20001b56        0x2 
 .bss._ubsd_mutexdef
                0x20001b58        0x8 CMakeFiles/impulse-cec.dir/home/michal/Development/pico-sdk/lib/tinyusb/src/device/usbd.c.o
 .bss._usbd_dev
                0x20001b60       0x54 CMakeFiles/impulse-cec.dir/home/michal/Development/pico-sdk/lib/tinyusb/src/device/usbd.c.o
 .bss._usbd_mutex
                0x20001bb4        0x4 CMakeFiles/impulse-cec.dir/home/michal/Development/pico-sdk/lib/tinyusb/src/device/usbd.c.o
 .bss._usbd_q   0x20001bb8        0x4 CMakeFiles/impulse-cec.dir/home/michal/Development/pico-sdk/lib/tinyusb/src/device/usbd.c.o
 .bss._usbd_qdef_buf
                0x20001bbc       0xc0 CMakeFiles/impulse-cec.dir/home/michal/Development/pico-sdk/lib/tinyusb/src/device/usbd.c.o
                0x20001bbc                _usbd_qdef_buf
 .bss.alarm_callbacks
                0x20001c7c       0x20 CMakeFiles/impulse-cec.dir/home/michal/Development/pico-sdk/src/rp2_common/hardware_timer/timer.c.o
 .bss.bit_idx.2
                0x20001c9c        0x4 CMakeFiles/impulse-cec.dir/cec_bus.c.o
 .bss.boot2_copyout
                0x20001ca0      0x100 CMakeFiles/impulse-cec.dir/home/michal/Development/pico-sdk/src/rp2_common/hardware_flash/flash.c.o
 .bss.callbacks
                0x20001da0        0x8 CMakeFiles/impulse-cec.dir/home/michal/Development/pico-sdk/src/rp2_common/hardware_gpio/gpio.c.o
 .bss.claimed   0x20001da8        0x4 CMakeFiles/impulse-cec.dir/home/michal/Development/pico-sdk/src/rp2_common/hardware_sync/sync.c.o
 .bss.claimed   0x20001dac        0x2 CMakeFiles/impulse-cec.dir/home/michal/Development/pico-sdk/src/rp2_common/hardware_timer/timer.c.o
 *fill*         0x20001dae        0x2 
 .bss.configured_freq
                0x20001db0       0x28 CMakeFiles/impulse-cec.dir/home/michal/Development/pico-sdk/src/rp2_common/hardware_clocks/clocks.c.o
 .bss.drivers   0x20001dd8        0x4 CMakeFiles/impulse-cec.dir/home/michal/Development/pico-sdk/src/rp2_common/pico_stdio/stdio.c.o
 .bss.e15_last_sof
                0x20001ddc        0x4 CMakeFiles/impulse-cec.dir/home/michal/Development/pico-sdk/lib/tinyusb/src/portable/raspberrypi/rp2040/rp2040_usb.c.o
                0x20001ddc                e15_last_sof
 .bss.filter    0x20001de0        0x4 CMakeFiles/impulse-cec.dir/home/michal/Development/pico-sdk/src/rp2_common/pico_stdio/stdio.c.o
 .bss.frame.5   0x20001de4       0x12 CMakeFiles/impulse-cec.dir/cec_bus.c.o
 *fill*         0x20001df6        0x2 
 .bss.hw_endpoints
                0x20001df8      0x400 CMakeFiles/impulse-cec.dir/home/michal/Development/pico-sdk/lib/tinyusb/src/portable/raspberrypi/rp2040/dcd_rp2040.c.o
 .bss.lazy_vsnprintf
                0x200021f8        0x4 CMakeFiles/impulse-cec.dir/home/michal/Development/pico-sdk/src/rp2_common/pico_printf/printf.c.o
 .bss.load_value
                0x200021fc        0x4 CMakeFiles/impulse-cec.dir/home/michal/Development/pico-sdk/src/rp2_common/hardware_watchdog/watchdog.c.o
 .bss.next_buffer_ptr
                0x20002200        0x4 CMakeFiles/impulse-cec.dir/home/michal/Development/pico-sdk/lib/tinyusb/src/portable/raspberrypi/rp2040/dcd_rp2040.c.o
 .bss.object.0  0x20002204       0x18 /usr/lib/gcc/arm-none-eabi/14.2.0/thumb/v8-m.main+fp/softfp/crtbegin.o
 .bss.page_buf.0
                0x2000221c      0x100 CMakeFiles/impulse-cec.dir/flash_kv.c.o
 .bss.pools     0x2000231c       0x20 CMakeFiles/impulse-cec.dir/home/michal/Development/pico-sdk/src/common/pico_time/time.c.o
 .bss.raw_irq_mask
                0x2000233c        0x8 CMakeFiles/impulse-cec.dir/home/michal/Development/pico-sdk/src/rp2_common/hardware_gpio/gpio.c.o
 .bss.retrieved_id
                0x20002344        0x8 CMakeFiles/impulse-cec.dir/home/michal/Development/pico-sdk/src/rp2_common/pico_unique_id/unique_id.c.o
 .bss.s_cfg     0x2000234c       0x18 CMakeFiles/impulse-cec.dir/home/michal/Development/esp32-p8/shared/p8_protocol.c.o
 .bss.s_cur_tx  0x20002364       0x18 CMakeFiles/impulse-cec.dir/cec_bus.c.o
 .bss.s_desc_str.0
                0x2000237c       0x40 CMakeFiles/impulse-cec.dir/usb_descriptors.c.o
 .bss.s_gpio    0x200023bc        0x4 CMakeFiles/impulse-cec.dir/cec_bus.c.o
 .bss.s_msg_buf
                0x200023c0       0x40 CMakeFiles/impulse-cec.dir/home/michal/Development/esp32-p8/shared/p8_protocol.c.o
 .bss.s_msg_len
                0x20002400        0x4 CMakeFiles/impulse-cec.dir/home/michal/Development/esp32-p8/shared/p8_protocol.c.o
 .bss.s_pending_tx
                0x20002404       0x18 CMakeFiles/impulse-cec.dir/cec_bus.c.o
 .bss.s_ring_head
                0x2000241c        0x4 CMakeFiles/impulse-cec.dir/cec_bus.c.o
 .bss.s_ring_tail
                0x20002420        0x4 CMakeFiles/impulse-cec.dir/cec_bus.c.o
 .bss.s_rx_cb   0x20002424        0x4 CMakeFiles/impulse-cec.dir/cec_bus.c.o
 .bss.s_settings
                0x20002428      0x100 CMakeFiles/impulse-cec.dir/flash_kv.c.o
 .bss.s_tx_bit_idx
                0x20002528        0x4 CMakeFiles/impulse-cec.dir/cec_bus.c.o
 .bss.s_tx_byte_idx
                0x2000252c        0x4 CMakeFiles/impulse-cec.dir/cec_bus.c.o
 .bss.s_wbuf    0x20002530       0x80 CMakeFiles/impulse-cec.dir/home/michal/Development/esp32-p8/shared/p8_protocol.c.o
 .bss.s_wbuf_len
                0x200025b0        0x4 CMakeFiles/impulse-cec.dir/home/michal/Development/esp32-p8/shared/p8_protocol.c.o
 .bss.sleep_notifier
                0x200025b4        0x4 CMakeFiles/impulse-cec.dir/home/michal/Development/pico-sdk/src/common/pico_time/time.c.o
 .bss.target_hi
                0x200025b8       0x20 CMakeFiles/impulse-cec.dir/home/michal/Development/pico-sdk/src/rp2_common/hardware_timer/timer.c.o
 .bss.timer_callbacks_pending
                0x200025d8        0x2 CMakeFiles/impulse-cec.dir/home/michal/Development/pico-sdk/src/rp2_common/hardware_timer/timer.c.o
 .bss.s_ack_mask
                0x200025da        0x2 CMakeFiles/impulse-cec.dir/cec_bus.c.o
 .bss._app_driver_count
                0x200025dc        0x1 CMakeFiles/impulse-cec.dir/home/michal/Development/pico-sdk/lib/tinyusb/src/device/usbd.c.o
 .bss._sof_enable
                0x200025dd        0x1 CMakeFiles/impulse-cec.dir/home/michal/Development/pico-sdk/lib/tinyusb/src/portable/raspberrypi/rp2040/dcd_rp2040.c.o
 .bss._usbd_queued_setup
                0x200025de        0x1 CMakeFiles/impulse-cec.dir/home/michal/Development/pico-sdk/lib/tinyusb/src/device/usbd.c.o
 .bss.boot2_copyout_valid
                0x200025df        0x1 CMakeFiles/impulse-cec.dir/home/michal/Development/pico-sdk/src/rp2_common/hardware_flash/flash.c.o
 .bss.cur_byte.1
                0x200025e0        0x1 CMakeFiles/impulse-cec.dir/cec_bus.c.o
 .bss.eom.0     0x200025e1        0x1 CMakeFiles/impulse-cec.dir/cec_bus.c.o
 .bss.frame_init.6
                0x200025e2        0x1 CMakeFiles/impulse-cec.dir/cec_bus.c.o
 .bss.irq_handler_chain_free_slot_head
                0x200025e3        0x1 CMakeFiles/impulse-cec.dir/home/michal/Development/pico-sdk/src/rp2_common/hardware_irq/irq.c.o
 .bss.s_dirty   0x200025e4        0x1 CMakeFiles/impulse-cec.dir/flash_kv.c.o
 .bss.s_do_ack  0x200025e5        0x1 CMakeFiles/impulse-cec.dir/cec_bus.c.o
 .bss.s_in_esc  0x200025e6        0x1 CMakeFiles/impulse-cec.dir/home/michal/Development/esp32-p8/shared/p8_protocol.c.o
 .bss.s_tx_active
                0x200025e7        0x1 CMakeFiles/impulse-cec.dir/cec_bus.c.o
 .bss.s_tx_fail_reason
                0x200025e8        0x1 CMakeFiles/impulse-cec.dir/cec_bus.c.o
 .bss.s_tx_pending
                0x200025e9        0x1 CMakeFiles/impulse-cec.dir/cec_bus.c.o
 .bss.s_tx_phase
                0x200025ea        0x1 CMakeFiles/impulse-cec.dir/cec_bus.c.o
 .bss.s_tx_result_ready
                0x200025eb        0x1 CMakeFiles/impulse-cec.dir/cec_bus.c.o
 .bss.s_tx_success
                0x200025ec        0x1 CMakeFiles/impulse-cec.dir/cec_bus.c.o
 .bss.state.3   0x200025ed        0x1 CMakeFiles/impulse-cec.dir/cec_bus.c.o
 *(COMMON)
                [!provide]                        PROVIDE (__global_pointer$ = (. + 0x800))
 *(.sbss*)
                0x200025f0                        . = ALIGN (0x4)
 *fill*         0x200025ee        0x2 
                0x200025f0                        __bss_end__ = .

.heap           0x200025f0      0x800 load address 0x10006484
                0x200025f0                        __end__ = .
                0x200025f0                        end = __end__
 *(.heap*)
 .heap          0x200025f0      0x800 CMakeFiles/impulse-cec.dir/home/michal/Development/pico-sdk/src/rp2_common/pico_crt0/crt0.S.o
                0x20080000                        __HeapLimit = (ORIGIN (RAM) + LENGTH (RAM))

.scratch_x      0x20080000        0x0 load address 0x10006484
                0x20080000                        __scratch_x_start__ = .
 *(.scratch_x.*)
                0x20080000                        . = ALIGN (0x4)
                0x20080000                        __scratch_x_end__ = .
                0x10006484                        __scratch_x_source__ = LOADADDR (.scratch_x)

.scratch_y      0x20081000        0x0 load address 0x10006484
                0x20081000                        __scratch_y_start__ = .
 *(.scratch_y.*)
                0x20081000                        . = ALIGN (0x4)
                0x20081000                        __scratch_y_end__ = .
                0x10006484                        __scratch_y_source__ = LOADADDR (.scratch_y)

.stack1_dummy
 *(.stack1*)

.stack_dummy    0x20081000      0x800
 *(.stack*)
 .stack         0x20081000      0x800 CMakeFiles/impulse-cec.dir/home/michal/Development/pico-sdk/src/rp2_common/pico_crt0/crt0.S.o

.flash_end      0x10006484       0x14
 *(.embedded_end_block*)
 .embedded_end_block
                0x10006484       0x14 CMakeFiles/impulse-cec.dir/home/michal/Development/pico-sdk/src/rp2_common/pico_crt0/crt0.S.o
                0x10006498                        PROVIDE (__flash_binary_end = .)
                0x20080000                        __StackLimit = (ORIGIN (RAM) + LENGTH (RAM))
                0x20081000                        __StackOneTop = (ORIGIN (SCRATCH_X) + LENGTH (SCRATCH_X))
                0x20082000                        __StackTop = (ORIGIN (SCRATCH_Y) + LENGTH (SCRATCH_Y))
                0x20081000                        __StackOneBottom = (__StackOneTop - SIZEOF (.stack1_dummy))
                0x20081800                        __StackBottom = (__StackTop - SIZEOF (.stack_dummy))
                0x20082000                        PROVIDE (__stack = __StackTop)
                [!provide]                        PROVIDE (__heap_start = __end__)
                [!provide]                        PROVIDE (__heap_end = __HeapLimit)
                [!provide]                        PROVIDE (__tls_align = MAX (ALIGNOF (.tdata), ALIGNOF (.tbss)))
                [!provide]                        PROVIDE (__tls_size_align = (((__tls_size + __tls_align) - 0x1) & ~ ((__tls_align - 0x1))))
                [!provide]                        PROVIDE (__arm32_tls_tcb_offset = MAX (0x8, __tls_align))
                [!provide]                        PROVIDE (_end = __end__)
                [!provide]                        PROVIDE (__llvm_libc_heap_limit = __HeapLimit)
                0x00000001                        ASSERT ((__StackLimit >= __HeapLimit), region RAM overflowed)
                0x00000001                        ASSERT (((__binary_info_header_end - __logical_binary_start) <= 0x400), Binary info must be in first 1024 bytes of the binary)
                0x00000001                        ASSERT (((__embedded_block_end - __logical_binary_start) <= 0x1000), Embedded block must be in first 4096 bytes of the binary)
LOAD CMakeFiles/impulse-cec.dir/main.c.o
LOAD CMakeFiles/impulse-cec.dir/cec_bus.c.o
LOAD CMakeFiles/impulse-cec.dir/flash_kv.c.o
LOAD CMakeFiles/impulse-cec.dir/usb_descriptors.c.o
LOAD CMakeFiles/impulse-cec.dir/home/michal/Development/esp32-p8/shared/p8_protocol.c.o
LOAD CMakeFiles/impulse-cec.dir/home/michal/Development/pico-sdk/src/rp2_common/pico_stdlib/stdlib.c.o
LOAD CMakeFiles/impulse-cec.dir/home/michal/Development/pico-sdk/src/rp2_common/hardware_gpio/gpio.c.o
LOAD CMakeFiles/impulse-cec.dir/home/michal/Development/pico-sdk/src/rp2350/pico_platform/platform.c.o
LOAD CMakeFiles/impulse-cec.dir/home/michal/Development/pico-sdk/src/rp2_common/pico_platform_common/common.c.o
LOAD CMakeFiles/impulse-cec.dir/home/michal/Development/pico-sdk/src/rp2_common/pico_platform_panic/panic.c.o
LOAD CMakeFiles/impulse-cec.dir/home/michal/Development/pico-sdk/src/common/hardware_claim/claim.c.o
LOAD CMakeFiles/impulse-cec.dir/home/michal/Development/pico-sdk/src/rp2_common/hardware_sync/sync.c.o
LOAD CMakeFiles/impulse-cec.dir/home/michal/Development/pico-sdk/src/rp2_common/hardware_sync_spin_lock/sync_spin_lock.c.o
LOAD CMakeFiles/impulse-cec.dir/home/michal/Development/pico-sdk/src/rp2_common/hardware_irq/irq.c.o
LOAD CMakeFiles/impulse-cec.dir/home/michal/Development/pico-sdk/src/rp2_common/hardware_irq/irq_handler_chain.S.o
LOAD CMakeFiles/impulse-cec.dir/home/michal/Development/pico-sdk/src/common/pico_sync/sem.c.o
LOAD CMakeFiles/impulse-cec.dir/home/michal/Development/pico-sdk/src/common/pico_sync/lock_core.c.o
LOAD CMakeFiles/impulse-cec.dir/home/michal/Development/pico-sdk/src/common/pico_sync/mutex.c.o
LOAD CMakeFiles/impulse-cec.dir/home/michal/Development/pico-sdk/src/common/pico_sync/critical_section.c.o
LOAD CMakeFiles/impulse-cec.dir/home/michal/Development/pico-sdk/src/common/pico_time/time.c.o
LOAD CMakeFiles/impulse-cec.dir/home/michal/Development/pico-sdk/src/common/pico_time/timeout_helper.c.o
LOAD CMakeFiles/impulse-cec.dir/home/michal/Development/pico-sdk/src/rp2_common/hardware_timer/timer.c.o
LOAD CMakeFiles/impulse-cec.dir/home/michal/Development/pico-sdk/src/common/pico_util/datetime.c.o
LOAD CMakeFiles/impulse-cec.dir/home/michal/Development/pico-sdk/src/common/pico_util/pheap.c.o
LOAD CMakeFiles/impulse-cec.dir/home/michal/Development/pico-sdk/src/common/pico_util/queue.c.o
LOAD CMakeFiles/impulse-cec.dir/home/michal/Development/pico-sdk/src/rp2_common/hardware_uart/uart.c.o
LOAD CMakeFiles/impulse-cec.dir/home/michal/Development/pico-sdk/src/rp2_common/hardware_clocks/clocks.c.o
LOAD CMakeFiles/impulse-cec.dir/home/michal/Development/pico-sdk/src/rp2_common/hardware_pll/pll.c.o
LOAD CMakeFiles/impulse-cec.dir/home/michal/Development/pico-sdk/src/rp2_common/hardware_vreg/vreg.c.o
LOAD CMakeFiles/impulse-cec.dir/home/michal/Development/pico-sdk/src/rp2_common/hardware_watchdog/watchdog.c.o
LOAD CMakeFiles/impulse-cec.dir/home/michal/Development/pico-sdk/src/rp2_common/hardware_ticks/ticks.c.o
LOAD CMakeFiles/impulse-cec.dir/home/michal/Development/pico-sdk/src/rp2_common/pico_bootrom/bootrom.c.o
LOAD CMakeFiles/impulse-cec.dir/home/michal/Development/pico-sdk/src/rp2_common/pico_bootrom/bootrom_lock.c.o
LOAD CMakeFiles/impulse-cec.dir/home/michal/Development/pico-sdk/src/rp2_common/hardware_boot_lock/boot_lock.c.o
LOAD CMakeFiles/impulse-cec.dir/home/michal/Development/pico-sdk/src/rp2_common/pico_flash/flash.c.o
LOAD CMakeFiles/impulse-cec.dir/home/michal/Development/pico-sdk/src/rp2_common/hardware_xosc/xosc.c.o
LOAD CMakeFiles/impulse-cec.dir/home/michal/Development/pico-sdk/src/rp2_common/hardware_divider/divider.c.o
LOAD CMakeFiles/impulse-cec.dir/home/michal/Development/pico-sdk/src/rp2_common/pico_runtime/runtime.c.o
LOAD CMakeFiles/impulse-cec.dir/home/michal/Development/pico-sdk/src/rp2_common/pico_runtime_init/runtime_init.c.o
LOAD CMakeFiles/impulse-cec.dir/home/michal/Development/pico-sdk/src/rp2_common/pico_runtime_init/runtime_init_clocks.c.o
LOAD CMakeFiles/impulse-cec.dir/home/michal/Development/pico-sdk/src/rp2_common/pico_runtime_init/runtime_init_stack_guard.c.o
LOAD CMakeFiles/impulse-cec.dir/home/michal/Development/pico-sdk/src/rp2_common/pico_bit_ops/bit_ops_aeabi.S.o
LOAD CMakeFiles/impulse-cec.dir/home/michal/Development/pico-sdk/src/rp2_common/pico_divider/divider_compiler.c.o
LOAD CMakeFiles/impulse-cec.dir/home/michal/Development/pico-sdk/src/rp2_common/pico_double/double_math.c.o
LOAD CMakeFiles/impulse-cec.dir/home/michal/Development/pico-sdk/src/rp2_common/pico_double/double_aeabi_dcp.S.o
LOAD CMakeFiles/impulse-cec.dir/home/michal/Development/pico-sdk/src/rp2_common/pico_double/double_fma_dcp.S.o
LOAD CMakeFiles/impulse-cec.dir/home/michal/Development/pico-sdk/src/rp2_common/pico_double/double_sci_m33.S.o
LOAD CMakeFiles/impulse-cec.dir/home/michal/Development/pico-sdk/src/rp2_common/pico_double/double_conv_m33.S.o
LOAD CMakeFiles/impulse-cec.dir/home/michal/Development/pico-sdk/src/rp2_common/pico_float/float_math.c.o
LOAD CMakeFiles/impulse-cec.dir/home/michal/Development/pico-sdk/src/rp2_common/pico_float/float_conv32_vfp.S.o
LOAD CMakeFiles/impulse-cec.dir/home/michal/Development/pico-sdk/src/rp2_common/pico_float/float_common_m33.S.o
LOAD CMakeFiles/impulse-cec.dir/home/michal/Development/pico-sdk/src/rp2_common/pico_float/float_sci_m33_vfp.S.o
LOAD CMakeFiles/impulse-cec.dir/home/michal/Development/pico-sdk/src/rp2_common/pico_malloc/malloc.c.o
LOAD CMakeFiles/impulse-cec.dir/home/michal/Development/pico-sdk/src/rp2_common/pico_atomic/atomic.c.o
LOAD CMakeFiles/impulse-cec.dir/home/michal/Development/pico-sdk/src/rp2_common/pico_cxx_options/new_delete.cpp.o
LOAD CMakeFiles/impulse-cec.dir/home/michal/Development/pico-sdk/src/rp2_common/pico_standard_binary_info/standard_binary_info.c.o
LOAD CMakeFiles/impulse-cec.dir/home/michal/Development/pico-sdk/src/rp2_common/pico_printf/printf.c.o
LOAD CMakeFiles/impulse-cec.dir/home/michal/Development/pico-sdk/src/rp2_common/pico_crt0/crt0.S.o
LOAD CMakeFiles/impulse-cec.dir/home/michal/Development/pico-sdk/src/rp2_common/pico_clib_interface/newlib_interface.c.o
LOAD CMakeFiles/impulse-cec.dir/home/michal/Development/pico-sdk/src/rp2_common/pico_stdio/stdio.c.o
LOAD CMakeFiles/impulse-cec.dir/home/michal/Development/pico-sdk/src/rp2_common/hardware_flash/flash.c.o
LOAD CMakeFiles/impulse-cec.dir/home/michal/Development/pico-sdk/src/rp2_common/hardware_xip_cache/xip_cache.c.o
LOAD CMakeFiles/impulse-cec.dir/home/michal/Development/pico-sdk/lib/tinyusb/src/portable/raspberrypi/rp2040/dcd_rp2040.c.o
LOAD CMakeFiles/impulse-cec.dir/home/michal/Development/pico-sdk/lib/tinyusb/src/portable/raspberrypi/rp2040/rp2040_usb.c.o
LOAD CMakeFiles/impulse-cec.dir/home/michal/Development/pico-sdk/lib/tinyusb/src/device/usbd.c.o
LOAD CMakeFiles/impulse-cec.dir/home/michal/Development/pico-sdk/lib/tinyusb/src/device/usbd_control.c.o
LOAD CMakeFiles/impulse-cec.dir/home/michal/Development/pico-sdk/lib/tinyusb/src/class/audio/audio_device.c.o
LOAD CMakeFiles/impulse-cec.dir/home/michal/Development/pico-sdk/lib/tinyusb/src/class/cdc/cdc_device.c.o
LOAD CMakeFiles/impulse-cec.dir/home/michal/Development/pico-sdk/lib/tinyusb/src/class/dfu/dfu_device.c.o
LOAD CMakeFiles/impulse-cec.dir/home/michal/Development/pico-sdk/lib/tinyusb/src/class/dfu/dfu_rt_device.c.o
LOAD CMakeFiles/impulse-cec.dir/home/michal/Development/pico-sdk/lib/tinyusb/src/class/hid/hid_device.c.o
LOAD CMakeFiles/impulse-cec.dir/home/michal/Development/pico-sdk/lib/tinyusb/src/class/midi/midi_device.c.o
LOAD CMakeFiles/impulse-cec.dir/home/michal/Development/pico-sdk/lib/tinyusb/src/class/msc/msc_device.c.o
LOAD CMakeFiles/impulse-cec.dir/home/michal/Development/pico-sdk/lib/tinyusb/src/class/net/ecm_rndis_device.c.o
LOAD CMakeFiles/impulse-cec.dir/home/michal/Development/pico-sdk/lib/tinyusb/src/class/net/ncm_device.c.o
LOAD CMakeFiles/impulse-cec.dir/home/michal/Development/pico-sdk/lib/tinyusb/src/class/usbtmc/usbtmc_device.c.o
LOAD CMakeFiles/impulse-cec.dir/home/michal/Development/pico-sdk/lib/tinyusb/src/class/vendor/vendor_device.c.o
LOAD CMakeFiles/impulse-cec.dir/home/michal/Development/pico-sdk/lib/tinyusb/src/class/video/video_device.c.o
LOAD CMakeFiles/impulse-cec.dir/home/michal/Development/pico-sdk/lib/tinyusb/src/tusb.c.o
LOAD CMakeFiles/impulse-cec.dir/home/michal/Development/pico-sdk/lib/tinyusb/src/common/tusb_fifo.c.o
LOAD CMakeFiles/impulse-cec.dir/home/michal/Development/pico-sdk/src/rp2_common/pico_fix/rp2040_usb_device_enumeration/rp2040_usb_device_enumeration.c.o
LOAD CMakeFiles/impulse-cec.dir/home/michal/Development/pico-sdk/lib/tinyusb/hw/bsp/rp2040/family.c.o
LOAD CMakeFiles/impulse-cec.dir/home/michal/Development/pico-sdk/src/rp2_common/pico_unique_id/unique_id.c.o
LOAD pico-sdk/src/rp2350/boot_stage2/CMakeFiles/bs2_default_library.dir/bs2_default_padded_checksummed.S.o
LOAD /usr/lib/gcc/arm-none-eabi/14.2.0/../../../../arm-none-eabi/lib/thumb/v8-m.main+fp/softfp/libstdc++.a
LOAD /usr/lib/gcc/arm-none-eabi/14.2.0/../../../../arm-none-eabi/lib/thumb/v8-m.main+fp/softfp/libm.a
START GROUP
LOAD /usr/lib/gcc/arm-none-eabi/14.2.0/thumb/v8-m.main+fp/softfp/libgcc.a
LOAD /usr/lib/gcc/arm-none-eabi/14.2.0/../../../../arm-none-eabi/lib/thumb/v8-m.main+fp/softfp/libg.a
LOAD /usr/lib/gcc/arm-none-eabi/14.2.0/../../../../arm-none-eabi/lib/thumb/v8-m.main+fp/softfp/libc.a
END GROUP
START GROUP
LOAD /usr/lib/gcc/arm-none-eabi/14.2.0/thumb/v8-m.main+fp/softfp/libgcc.a
LOAD /usr/lib/gcc/arm-none-eabi/14.2.0/../../../../arm-none-eabi/lib/thumb/v8-m.main+fp/softfp/libc.a
LOAD /usr/lib/gcc/arm-none-eabi/14.2.0/../../../../arm-none-eabi/lib/thumb/v8-m.main+fp/softfp/libnosys.a
END GROUP
LOAD /usr/lib/gcc/arm-none-eabi/14.2.0/thumb/v8-m.main+fp/softfp/crtend.o
LOAD /usr/lib/gcc/arm-none-eabi/14.2.0/thumb/v8-m.main+fp/softfp/crtn.o
OUTPUT(impulse-cec.elf elf32-littlearm)
LOAD linker stubs

.rel.dyn        0x10006498        0x0
 .rel.iplt      0x10006498        0x0 /usr/lib/gcc/arm-none-eabi/14.2.0/thumb/v8-m.main+fp/softfp/crtbegin.o

.ARM.attributes
                0x00000000       0x34
 .ARM.attributes
                0x00000000       0x26 /usr/lib/gcc/arm-none-eabi/14.2.0/thumb/v8-m.main+fp/softfp/crti.o
 .ARM.attributes
                0x00000026       0x36 /usr/lib/gcc/arm-none-eabi/14.2.0/thumb/v8-m.main+fp/softfp/crtbegin.o
 .ARM.attributes
                0x0000005c       0x38 CMakeFiles/impulse-cec.dir/main.c.o
 .ARM.attributes
                0x00000094       0x38 CMakeFiles/impulse-cec.dir/cec_bus.c.o
 .ARM.attributes
                0x000000cc       0x38 CMakeFiles/impulse-cec.dir/flash_kv.c.o
 .ARM.attributes
                0x00000104       0x38 CMakeFiles/impulse-cec.dir/usb_descriptors.c.o
 .ARM.attributes
                0x0000013c       0x38 CMakeFiles/impulse-cec.dir/home/michal/Development/esp32-p8/shared/p8_protocol.c.o
 .ARM.attributes
                0x00000174       0x38 CMakeFiles/impulse-cec.dir/home/michal/Development/pico-sdk/src/rp2_common/hardware_gpio/gpio.c.o
 .ARM.attributes
                0x000001ac       0x38 CMakeFiles/impulse-cec.dir/home/michal/Development/pico-sdk/src/rp2_common/pico_platform_panic/panic.c.o
 .ARM.attributes
                0x000001e4       0x38 CMakeFiles/impulse-cec.dir/home/michal/Development/pico-sdk/src/common/hardware_claim/claim.c.o
 .ARM.attributes
                0x0000021c       0x38 CMakeFiles/impulse-cec.dir/home/michal/Development/pico-sdk/src/rp2_common/hardware_sync/sync.c.o
 .ARM.attributes
                0x00000254       0x38 CMakeFiles/impulse-cec.dir/home/michal/Development/pico-sdk/src/rp2_common/hardware_sync_spin_lock/sync_spin_lock.c.o
 .ARM.attributes
                0x0000028c       0x38 CMakeFiles/impulse-cec.dir/home/michal/Development/pico-sdk/src/rp2_common/hardware_irq/irq.c.o
 .ARM.attributes
                0x000002c4       0x28 CMakeFiles/impulse-cec.dir/home/michal/Development/pico-sdk/src/rp2_common/hardware_irq/irq_handler_chain.S.o
 .ARM.attributes
                0x000002ec       0x38 CMakeFiles/impulse-cec.dir/home/michal/Development/pico-sdk/src/common/pico_sync/lock_core.c.o
 .ARM.attributes
                0x00000324       0x38 CMakeFiles/impulse-cec.dir/home/michal/Development/pico-sdk/src/common/pico_sync/mutex.c.o
 .ARM.attributes
                0x0000035c       0x38 CMakeFiles/impulse-cec.dir/home/michal/Development/pico-sdk/src/common/pico_sync/critical_section.c.o
 .ARM.attributes
                0x00000394       0x38 CMakeFiles/impulse-cec.dir/home/michal/Development/pico-sdk/src/common/pico_time/time.c.o
 .ARM.attributes
                0x000003cc       0x38 CMakeFiles/impulse-cec.dir/home/michal/Development/pico-sdk/src/rp2_common/hardware_timer/timer.c.o
 .ARM.attributes
                0x00000404       0x38 CMakeFiles/impulse-cec.dir/home/michal/Development/pico-sdk/src/rp2_common/hardware_clocks/clocks.c.o
 .ARM.attributes
                0x0000043c       0x38 CMakeFiles/impulse-cec.dir/home/michal/Development/pico-sdk/src/rp2_common/hardware_pll/pll.c.o
 .ARM.attributes
                0x00000474       0x38 CMakeFiles/impulse-cec.dir/home/michal/Development/pico-sdk/src/rp2_common/hardware_watchdog/watchdog.c.o
 .ARM.attributes
                0x000004ac       0x38 CMakeFiles/impulse-cec.dir/home/michal/Development/pico-sdk/src/rp2_common/hardware_ticks/ticks.c.o
 .ARM.attributes
                0x000004e4       0x38 CMakeFiles/impulse-cec.dir/home/michal/Development/pico-sdk/src/rp2_common/pico_bootrom/bootrom.c.o
 .ARM.attributes
                0x0000051c       0x38 CMakeFiles/impulse-cec.dir/home/michal/Development/pico-sdk/src/rp2_common/pico_bootrom/bootrom_lock.c.o
 .ARM.attributes
                0x00000554       0x38 CMakeFiles/impulse-cec.dir/home/michal/Development/pico-sdk/src/rp2_common/hardware_boot_lock/boot_lock.c.o
 .ARM.attributes
                0x0000058c       0x38 CMakeFiles/impulse-cec.dir/home/michal/Development/pico-sdk/src/rp2_common/hardware_xosc/xosc.c.o
 .ARM.attributes
                0x000005c4       0x38 CMakeFiles/impulse-cec.dir/home/michal/Development/pico-sdk/src/rp2_common/pico_runtime/runtime.c.o
 .ARM.attributes